Component: ARM Compiler 5.06 update 5 (build 528) Tool: armlink [4d35e2]

==============================================================================

Section Cross References

    startup_stm32f407xx.o(STACK) refers (Special) to heapauxi.o(.text) for __use_two_region_memory
    startup_stm32f407xx.o(HEAP) refers (Special) to heapauxi.o(.text) for __use_two_region_memory
    startup_stm32f407xx.o(RESET) refers (Special) to heapauxi.o(.text) for __use_two_region_memory
    startup_stm32f407xx.o(RESET) refers to startup_stm32f407xx.o(STACK) for __initial_sp
    startup_stm32f407xx.o(RESET) refers to startup_stm32f407xx.o(.text) for Reset_Handler
    startup_stm32f407xx.o(RESET) refers to stm32f4xx_it.o(i.NMI_Handler) for NMI_Handler
    startup_stm32f407xx.o(RESET) refers to stm32f4xx_it.o(i.HardFault_Handler) for HardFault_Handler
    startup_stm32f407xx.o(RESET) refers to stm32f4xx_it.o(i.MemManage_Handler) for MemManage_Handler
    startup_stm32f407xx.o(RESET) refers to stm32f4xx_it.o(i.BusFault_Handler) for BusFault_Handler
    startup_stm32f407xx.o(RESET) refers to stm32f4xx_it.o(i.UsageFault_Handler) for UsageFault_Handler
    startup_stm32f407xx.o(RESET) refers to port.o(.emb_text) for SVC_Handler
    startup_stm32f407xx.o(RESET) refers to stm32f4xx_it.o(i.DebugMon_Handler) for DebugMon_Handler
    startup_stm32f407xx.o(RESET) refers to cmsis_os2.o(i.SysTick_Handler) for SysTick_Handler
    startup_stm32f407xx.o(RESET) refers to stm32f4xx_it.o(i.DMA1_Stream1_IRQHandler) for DMA1_Stream1_IRQHandler
    startup_stm32f407xx.o(RESET) refers to stm32f4xx_it.o(i.DMA1_Stream3_IRQHandler) for DMA1_Stream3_IRQHandler
    startup_stm32f407xx.o(RESET) refers to stm32f4xx_it.o(i.DMA1_Stream5_IRQHandler) for DMA1_Stream5_IRQHandler
    startup_stm32f407xx.o(RESET) refers to stm32f4xx_it.o(i.DMA1_Stream6_IRQHandler) for DMA1_Stream6_IRQHandler
    startup_stm32f407xx.o(RESET) refers to stm32f4xx_it.o(i.CAN1_TX_IRQHandler) for CAN1_TX_IRQHandler
    startup_stm32f407xx.o(RESET) refers to stm32f4xx_it.o(i.CAN1_RX0_IRQHandler) for CAN1_RX0_IRQHandler
    startup_stm32f407xx.o(RESET) refers to stm32f4xx_it.o(i.EXTI9_5_IRQHandler) for EXTI9_5_IRQHandler
    startup_stm32f407xx.o(RESET) refers to stm32f4xx_it.o(i.TIM3_IRQHandler) for TIM3_IRQHandler
    startup_stm32f407xx.o(RESET) refers to stm32f4xx_it.o(i.TIM4_IRQHandler) for TIM4_IRQHandler
    startup_stm32f407xx.o(RESET) refers to stm32f4xx_it.o(i.USART1_IRQHandler) for USART1_IRQHandler
    startup_stm32f407xx.o(RESET) refers to stm32f4xx_it.o(i.USART2_IRQHandler) for USART2_IRQHandler
    startup_stm32f407xx.o(RESET) refers to stm32f4xx_it.o(i.USART3_IRQHandler) for USART3_IRQHandler
    startup_stm32f407xx.o(RESET) refers to stm32f4xx_it.o(i.DMA2_Stream1_IRQHandler) for DMA2_Stream1_IRQHandler
    startup_stm32f407xx.o(RESET) refers to stm32f4xx_it.o(i.DMA2_Stream2_IRQHandler) for DMA2_Stream2_IRQHandler
    startup_stm32f407xx.o(RESET) refers to stm32f4xx_it.o(i.CAN2_TX_IRQHandler) for CAN2_TX_IRQHandler
    startup_stm32f407xx.o(RESET) refers to stm32f4xx_it.o(i.CAN2_RX0_IRQHandler) for CAN2_RX0_IRQHandler
    startup_stm32f407xx.o(RESET) refers to stm32f4xx_it.o(i.DMA2_Stream6_IRQHandler) for DMA2_Stream6_IRQHandler
    startup_stm32f407xx.o(RESET) refers to stm32f4xx_it.o(i.DMA2_Stream7_IRQHandler) for DMA2_Stream7_IRQHandler
    startup_stm32f407xx.o(RESET) refers to stm32f4xx_it.o(i.USART6_IRQHandler) for USART6_IRQHandler
    startup_stm32f407xx.o(.text) refers (Special) to heapauxi.o(.text) for __use_two_region_memory
    startup_stm32f407xx.o(.text) refers to system_stm32f4xx.o(i.SystemInit) for SystemInit
    startup_stm32f407xx.o(.text) refers to __main.o(!!!main) for __main
    startup_stm32f407xx.o(.text) refers to startup_stm32f407xx.o(HEAP) for Heap_Mem
    startup_stm32f407xx.o(.text) refers to startup_stm32f407xx.o(STACK) for Stack_Mem
    main.o(i.HAL_TIM_PeriodElapsedCallback) refers to stm32f4xx_hal.o(i.HAL_IncTick) for HAL_IncTick
    main.o(i.HAL_TIM_PeriodElapsedCallback) refers to drive_tim.o(i.Update_SystemTick) for Update_SystemTick
    main.o(i.SystemClock_Config) refers to rt_memclr_w.o(.text) for __aeabi_memclr4
    main.o(i.SystemClock_Config) refers to stm32f4xx_hal_rcc.o(i.HAL_RCC_OscConfig) for HAL_RCC_OscConfig
    main.o(i.SystemClock_Config) refers to main.o(i.Error_Handler) for Error_Handler
    main.o(i.SystemClock_Config) refers to stm32f4xx_hal_rcc.o(i.HAL_RCC_ClockConfig) for HAL_RCC_ClockConfig
    main.o(i.main) refers to stm32f4xx_hal.o(i.HAL_Init) for HAL_Init
    main.o(i.main) refers to main.o(i.SystemClock_Config) for SystemClock_Config
    main.o(i.main) refers to gpio.o(i.MX_GPIO_Init) for MX_GPIO_Init
    main.o(i.main) refers to dma.o(i.MX_DMA_Init) for MX_DMA_Init
    main.o(i.main) refers to can.o(i.MX_CAN1_Init) for MX_CAN1_Init
    main.o(i.main) refers to can.o(i.MX_CAN2_Init) for MX_CAN2_Init
[...]
    Swerve_Chassis::Swerve_Chassis__sub_object(float, float, float, int) 0x08006555   Thumb Code     0  service_config.o(i._ZN14Swerve_ChassisC1Efffi)
    Swerve_Chassis::~Swerve_Chassis()        0x08006675   Thumb Code    36  service_config.o(i._ZN14Swerve_ChassisD1Ev)
    Swerve_Chassis::~Swerve_Chassis__sub_object() 0x08006675   Thumb Code     0  service_config.o(i._ZN14Swerve_ChassisD1Ev)
    PID::PID_Mode_Init(float, float, bool, bool) 0x0800669d   Thumb Code    14  swerve_chassis.o(i._ZN3PID13PID_Mode_InitEffbb)
    PID::PID_Param_Init(float, float, float, float, float, float) 0x080066ab   Thumb Code    24  pid.o(i._ZN3PID14PID_Param_InitEffffff)
    PID::Adjust()                            0x080066c5   Thumb Code   658  pid.o(i._ZN3PID6AdjustEv)
    PID::PID()                               0x0800695d   Thumb Code   212  service_config.o(i._ZN3PIDC1Ev)
    PID::PID__sub_object()                   0x0800695d   Thumb Code     0  service_config.o(i._ZN3PIDC1Ev)
    PID::~PID()                              0x08006a39   Thumb Code    20  service_config.o(i._ZN3PIDD1Ev)
    PID::~PID__sub_object()                  0x08006a39   Thumb Code     0  service_config.o(i._ZN3PIDD1Ev)
    ROS::Recieve_From_ROS(unsigned char*)    0x08006a4d   Thumb Code   290  ros.o(i._ZN3ROS16Recieve_From_ROSEPh)
    ROS::getMicroTick_regist(unsigned(*)())  0x08006b81   Thumb Code    16  ros.o(i._ZN3ROS19getMicroTick_registEPFjvE)
    VESC::update_vesc(CAN_RxMessage*)        0x08006b95   Thumb Code    44  service_communication.o(i._ZN4VESC11update_vescEP13CAN_RxMessage)
    VESC::update_angle(unsigned char*)       0x08006bc1   Thumb Code    30  swerve_chassis.o(i._ZN4VESC12update_angleEPh)
    VESC::update_speed(unsigned char*)       0x08006be5   Thumb Code   126  swerve_chassis.o(i._ZN4VESC12update_speedEPh)
    VESC::update(unsigned char*)             0x08006c6d   Thumb Code    48  swerve_chassis.o(i._ZN4VESC6updateEPh)
    VESC::VESC(const VESC&)                  0x08006c9d   Thumb Code   118  swerve_chassis.o(i._ZN4VESCC1ERKS_)
    VESC::VESC__sub_object(const VESC&)      0x08006c9d   Thumb Code     0  swerve_chassis.o(i._ZN4VESCC1ERKS_)
    VESC::VESC(unsigned char)                0x08006d21   Thumb Code    44  swerve_chassis.o(i._ZN4VESCC1Eh)
    VESC::VESC__sub_object(unsigned char)    0x08006d21   Thumb Code     0  swerve_chassis.o(i._ZN4VESCC1Eh)
    VESC::~VESC()                            0x08006d55   Thumb Code    16  swerve_chassis.o(i._ZN4VESCD1Ev)
    VESC::~VESC__sub_object()                0x08006d55   Thumb Code     0  swerve_chassis.o(i._ZN4VESCD1Ev)
    Tools::_tool_buffer_get_int16(const unsigned char*, int*) 0x08006d65   Thumb Code    28  swerve_chassis.o(i._ZN5Tools22_tool_buffer_get_int16EPKhPi)
    Tools::_tool_buffer_append_int32(unsigned char*, int, int*) 0x08006d81   Thumb Code    46  swerve_chassis.o(i._ZN5Tools25_tool_buffer_append_int32EPhiPi)
    AirJoy::data_update(unsigned short, unsigned short) 0x08006db1   Thumb Code   172  air_joy.o(i._ZN6AirJoy11data_updateEtt)
    AirJoy::getMicroTick_regist(unsigned(*)()) 0x08006e61   Thumb Code    16  air_joy.o(i._ZN6AirJoy19getMicroTick_registEPFjvE)
    PidTimer::update_timeStamp()             0x08006e75   Thumb Code   112  pid.o(i._ZN8PidTimer16update_timeStampEv)
    PidTimer::getMicroTick_regist(unsigned(*)()) 0x08006ef1   Thumb Code    16  pid.o(i._ZN8PidTimer19getMicroTick_registEPFjvE)
    Broadcast::Checksum_Analise(unsigned char, unsigned char) 0x08006f05   Thumb Code    10  broadcast.o(i._ZN9Broadcast16Checksum_AnaliseEhh)
    Broadcast::Send_To_Broadcast(Robot_Status_t) 0x08006f0f   Thumb Code    58  broadcast.o(i._ZN9Broadcast17Send_To_BroadcastE14Robot_Status_t)
    Broadcast::getMicroTick_regist(unsigned(*)()) 0x08006f49   Thumb Code    16  broadcast.o(i._ZN9Broadcast19getMicroTick_registEPFjvE)
    Broadcast::play(PLAYLIST)                0x08006f5d   Thumb Code   218  broadcast.o(i._ZN9Broadcast4playE8PLAYLIST)
    Motor_Base::ENCODER_ANGLE_RATIO() const  0x08007051   Thumb Code     6  swerve_chassis.o(i._ZNK10Motor_Base19ENCODER_ANGLE_RATIOEv)
    Motor_Speed::get_speed() const           0x0800705d   Thumb Code     8  swerve_chassis.o(i._ZNK11Motor_Speed9get_speedEv)
    Motor_GM6020::MAX_CURRENT() const        0x08007065   Thumb Code     6  swerve_chassis.o(i._ZNK12Motor_GM602011MAX_CURRENTEv)
    Motor_GM6020::send_id_low() const        0x08007071   Thumb Code     8  swerve_chassis.o(i._ZNK12Motor_GM602011send_id_lowEv)
    Motor_GM6020::send_id_high() const       0x08007079   Thumb Code     8  swerve_chassis.o(i._ZNK12Motor_GM602012send_id_highEv)
    VESC::get_speed() const                  0x08007081   Thumb Code     8  swerve_chassis.o(i._ZNK4VESC9get_speedEv)
    __ARM_fpclassify                         0x08007089   Thumb Code    48  fpclassify.o(i.__ARM_fpclassify)
    __ARM_fpclassifyf                        0x080070b9   Thumb Code    38  fpclassifyf.o(i.__ARM_fpclassifyf)
    __aeabi_vec_ctor_nocookie_nodtor         0x08007119   Thumb Code    36  aeabi_vec_ctor_nocookie_nodtor.o(i.__aeabi_vec_ctor_nocookie_nodtor)
    __cxa_guard_acquire                      0x0800713d   Thumb Code    16  cxa_guard_acquire.o(i.__cxa_guard_acquire)
    __hardfp_atan2f                          0x08007155   Thumb Code   502  atan2f.o(i.__hardfp_atan2f)
    __hardfp_cos                             0x080073a9   Thumb Code   180  cos.o(i.__hardfp_cos)
    __hardfp_sin                             0x08007471   Thumb Code   180  sin.o(i.__hardfp_sin)
    __hardfp_sqrtf                           0x08007539   Thumb Code    58  sqrtf.o(i.__hardfp_sqrtf)
    __ieee754_rem_pio2                       0x08007579   Thumb Code   938  rred.o(i.__ieee754_rem_pio2)
    __kernel_cos                             0x080079b1   Thumb Code   322  cos_i.o(i.__kernel_cos)
    __kernel_poly                            0x08007b21   Thumb Code   248  poly.o(i.__kernel_poly)
    __kernel_sin                             0x08007c19   Thumb Code   280  sin_i.o(i.__kernel_sin)
    __mathlib_dbl_infnan                     0x08007d49   Thumb Code    20  dunder.o(i.__mathlib_dbl_infnan)
    __mathlib_dbl_invalid                    0x08007d61   Thumb Code    24  dunder.o(i.__mathlib_dbl_invalid)
    __mathlib_dbl_underflow                  0x08007d81   Thumb Code    24  dunder.o(i.__mathlib_dbl_underflow)
    __mathlib_flt_infnan2                    0x08007da1   Thumb Code     6  funder.o(i.__mathlib_flt_infnan2)
    __mathlib_flt_underflow                  0x08007da9   Thumb Code    10  funder.o(i.__mathlib_flt_underflow)
    comm_can_transmit_extid                  0x08007ea5   Thumb Code    60  drive_can.o(i.comm_can_transmit_extid)
    comm_can_transmit_stdid                  0x08007ee1   Thumb Code    58  drive_can.o(i.comm_can_transmit_stdid)
    fabs                                     0x08007f1b   Thumb Code    24  fabs.o(i.fabs)
    main                                     0x08007f33   Thumb Code    68  main.o(i.main)
    osDelay                                  0x08007f77   Thumb Code    30  cmsis_os2.o(i.osDelay)
    osKernelInitialize                       0x08007f95   Thumb Code    38  cmsis_os2.o(i.osKernelInitialize)
    osKernelStart                            0x08007fc1   Thumb Code    82  cmsis_os2.o(i.osKernelStart)
    osThreadNew                              0x08008021   Thumb Code   184  cmsis_os2.o(i.osThreadNew)
    pvPortMalloc                             0x08008afd   Thumb Code   306  heap_4.o(i.pvPortMalloc)
    pxPortInitialiseStack                    0x08008c49   Thumb Code    38  port.o(i.pxPortInitialiseStack)
    serial_get_crc8_value                    0x08008c75   Thumb Code    56  drive_uart.o(i.serial_get_crc8_value)
    uxListRemove                             0x08008cad   Thumb Code    40  list.o(i.uxListRemove)
    vApplicationGetIdleTaskMemory            0x08008cd5   Thumb Code    14  cmsis_os2.o(i.vApplicationGetIdleTaskMemory)
    vApplicationGetTimerTaskMemory           0x08008ced   Thumb Code    16  cmsis_os2.o(i.vApplicationGetTimerTaskMemory)
    vListInitialise                          0x08008d05   Thumb Code    26  list.o(i.vListInitialise)
    vListInitialiseItem                      0x08008d1f   Thumb Code     6  list.o(i.vListInitialiseItem)
    vListInsert                              0x08008d25   Thumb Code    52  list.o(i.vListInsert)
    vListInsertEnd                           0x08008d59   Thumb Code    24  list.o(i.vListInsertEnd)
    vPortEnterCritical                       0x08008d71   Thumb Code    76  port.o(i.vPortEnterCritical)
    vPortExitCritical                        0x08008dc5   Thumb Code    56  port.o(i.vPortExitCritical)
    vPortFree                                0x08008e01   Thumb Code   150  heap_4.o(i.vPortFree)
    vPortSetupTimerInterrupt                 0x08008ea5   Thumb Code    36  port.o(i.vPortSetupTimerInterrupt)
    vPortValidateInterruptPriority           0x08008ecd   Thumb Code   106  port.o(i.vPortValidateInterruptPriority)
    vQueueAddToRegistry                      0x08008f45   Thumb Code    38  queue.o(i.vQueueAddToRegistry)
    vQueueWaitForMessageRestricted           0x08008f71   Thumb Code    74  queue.o(i.vQueueWaitForMessageRestricted)
    vTaskDelay                               0x08008fbd   Thumb Code    82  tasks.o(i.vTaskDelay)
    vTaskInternalSetTimeOutState             0x08009019   Thumb Code    14  tasks.o(i.vTaskInternalSetTimeOutState)
    vTaskMissedYield                         0x08009031   Thumb Code     8  tasks.o(i.vTaskMissedYield)
    vTaskPlaceOnEventList                    0x0800903d   Thumb Code    52  tasks.o(i.vTaskPlaceOnEventList)
    vTaskPlaceOnEventListRestricted          0x08009075   Thumb Code    60  tasks.o(i.vTaskPlaceOnEventListRestricted)
    vTaskStartScheduler                      0x080090b5   Thumb Code   156  tasks.o(i.vTaskStartScheduler)
    vTaskSuspendAll                          0x0800916d   Thumb Code    12  tasks.o(i.vTaskSuspendAll)
    vTaskSwitchContext                       0x0800917d   Thumb Code   122  tasks.o(i.vTaskSwitchContext)
    xPortStartScheduler                      0x0800920d   Thumb Code   330  port.o(i.xPortStartScheduler)
    xPortSysTickHandler                      0x08009375   Thumb Code    46  port.o(i.xPortSysTickHandler)
    xQueueGenericCreate                      0x080093a9   Thumb Code    90  queue.o(i.xQueueGenericCreate)
    xQueueGenericCreateStatic                0x08009403   Thumb Code   224  queue.o(i.xQueueGenericCreateStatic)
    xQueueGenericReset                       0x080094e5   Thumb Code   146  queue.o(i.xQueueGenericReset)
    xQueueGenericSend                        0x0800957d   Thumb Code   420  queue.o(i.xQueueGenericSend)
    xQueueGenericSendFromISR                 0x08009725   Thumb Code   252  queue.o(i.xQueueGenericSendFromISR)
    xQueueReceive                            0x08009821   Thumb Code   356  queue.o(i.xQueueReceive)
    xTaskCheckForTimeOut                     0x08009989   Thumb Code   132  tasks.o(i.xTaskCheckForTimeOut)
    xTaskCreate                              0x08009a15   Thumb Code   100  tasks.o(i.xTaskCreate)
    xTaskCreateStatic                        0x08009a79   Thumb Code   186  tasks.o(i.xTaskCreateStatic)
    xTaskGetSchedulerState                   0x08009b35   Thumb Code    24  tasks.o(i.xTaskGetSchedulerState)
    xTaskGetTickCount                        0x08009b55   Thumb Code     6  tasks.o(i.xTaskGetTickCount)
    xTaskIncrementTick                       0x08009b61   Thumb Code   280  tasks.o(i.xTaskIncrementTick)
    xTaskPriorityDisinherit                  0x08009ca5   Thumb Code   152  tasks.o(i.xTaskPriorityDisinherit)
    xTaskRemoveFromEventList                 0x08009d49   Thumb Code   126  tasks.o(i.xTaskRemoveFromEventList)
    xTaskResumeAll                           0x08009de1   Thumb Code   222  tasks.o(i.xTaskResumeAll)
    xTimerCreateTimerTask                    0x08009ee5   Thumb Code   100  timers.o(i.xTimerCreateTimerTask)
    xTimerGenericCommand                     0x08009f5d   Thumb Code   128  timers.o(i.xTimerGenericCommand)
    void VESC_SendMsgs<VESC>(__CAN_HandleTypeDef*, T1&) 0x08009fe1   Thumb Code    40  swerve_chassis.o(t._Z13VESC_SendMsgsI4VESCEvP19__CAN_HandleTypeDefRT_)
    void VESC_SendMsgs<VESC, (int)1>(__CAN_HandleTypeDef*, T1(&)[T2]) 0x0800a00d   Thumb Code   442  swerve_chassis.o(t._Z13VESC_SendMsgsI4VESCLi1EEvP19__CAN_HandleTypeDefRAT0__T_)
    void motor_constraint<float>(T1*, T1, T1) 0x0800a1e5   Thumb Code    40  swerve_chassis.o(t._Z16motor_constraintIfEvPT_S0_S0_)
    void RM_Motor_SendMsgs<Motor_GM6020, (int)4>(__CAN_HandleTypeDef*, T1(&)[T2]) 0x0800a20d   Thumb Code   422  swerve_chassis.o(t._Z17RM_Motor_SendMsgsI12Motor_GM6020Li4EEvP19__CAN_HandleTypeDefRAT0__T_)
    void Tools::_tool_Constrain<float>(T1*, T1, T1) 0x0800a3c5   Thumb Code    40  pid.o(t._ZN5Tools15_tool_ConstrainIfEEvPT_S1_S1_)
    T1 Tools::_tool_Abs<float>(T1)           0x0800a3ed   Thumb Code    26  pid.o(t._ZN5Tools9_tool_AbsIfEET_S1_)
    __aeabi_dneg                             0x0800a407   Thumb Code     0  basic.o(x$fpl$basic)
    _dneg                                    0x0800a407   Thumb Code     6  basic.o(x$fpl$basic)
    __aeabi_fneg                             0x0800a40d   Thumb Code     0  basic.o(x$fpl$basic)
    _fneg                                    0x0800a40d   Thumb Code     6  basic.o(x$fpl$basic)
    _dabs                                    0x0800a413   Thumb Code     6  basic.o(x$fpl$basic)
    _fabs                                    0x0800a419   Thumb Code     6  basic.o(x$fpl$basic)
    __aeabi_d2f                              0x0800a421   Thumb Code     0  d2f.o(x$fpl$d2f)
    _d2f                                     0x0800a421   Thumb Code    98  d2f.o(x$fpl$d2f)
    __aeabi_dadd                             0x0800a485   Thumb Code     0  daddsub_clz.o(x$fpl$dadd)
    _dadd                                    0x0800a485   Thumb Code   332  daddsub_clz.o(x$fpl$dadd)
    __fpl_dcmp_Inf                           0x0800a5d5   Thumb Code    24  dcmpi.o(x$fpl$dcmpinf)
    __aeabi_ddiv                             0x0800a5ed   Thumb Code     0  ddiv.o(x$fpl$ddiv)
    _ddiv                                    0x0800a5ed   Thumb Code   552  ddiv.o(x$fpl$ddiv)
    __aeabi_d2iz                             0x0800a89d   Thumb Code     0  dfix.o(x$fpl$dfix)
    _dfix                                    0x0800a89d   Thumb Code    94  dfix.o(x$fpl$dfix)
    __aeabi_i2d                              0x0800a8fb   Thumb Code     0  dflt_clz.o(x$fpl$dflt)
    _dflt                                    0x0800a8fb   Thumb Code    46  dflt_clz.o(x$fpl$dflt)
    __aeabi_ui2d                             0x0800a929   Thumb Code     0  dflt_clz.o(x$fpl$dfltu)
    _dfltu                                   0x0800a929   Thumb Code    38  dflt_clz.o(x$fpl$dfltu)
    __aeabi_cdcmple                          0x0800a951   Thumb Code     0  dleqf.o(x$fpl$dleqf)
    _dcmple                                  0x0800a951   Thumb Code   120  dleqf.o(x$fpl$dleqf)
    __fpl_dcmple_InfNaN                      0x0800a9b3   Thumb Code     0  dleqf.o(x$fpl$dleqf)
    __aeabi_dmul                             0x0800a9c9   Thumb Code     0  dmul.o(x$fpl$dmul)
    _dmul                                    0x0800a9c9   Thumb Code   332  dmul.o(x$fpl$dmul)
    __fpl_dnaninf                            0x0800ab1d   Thumb Code   156  dnaninf.o(x$fpl$dnaninf)
    __fpl_dretinf                            0x0800abb9   Thumb Code    12  dretinf.o(x$fpl$dretinf)
    __aeabi_drsub                            0x0800abc5   Thumb Code     0  daddsub_clz.o(x$fpl$drsb)
    _drsb                                    0x0800abc5   Thumb Code    22  daddsub_clz.o(x$fpl$drsb)
    __aeabi_dsub                             0x0800abdd   Thumb Code     0  daddsub_clz.o(x$fpl$dsub)
    _dsub                                    0x0800abdd   Thumb Code   464  daddsub_clz.o(x$fpl$dsub)
    _fp_init                                 0x0800adb1   Thumb Code    10  fpinit.o(x$fpl$fpinit)
    __fplib_config_fpu_vfp                   0x0800adb9   Thumb Code     0  fpinit.o(x$fpl$fpinit)
    __fplib_config_pureend_doubles           0x0800adb9   Thumb Code     0  fpinit.o(x$fpl$fpinit)
    __fpl_fretinf                            0x0800adbb   Thumb Code    10  fretinf.o(x$fpl$fretinf)
    CAN1_Send_attributes                     0x0800adc4   Data          36  freertos.o(.constdata)
    __I$use$fp                               0x0800adc4   Number         0  usenofp.o(x$fpl$usenofp)
    chassic_attributes                       0x0800ade8   Data          36  freertos.o(.constdata)
    CAN2_Send_attributes                     0x0800ae0c   Data          36  freertos.o(.constdata)
    UART_Send_attributes                     0x0800ae30   Data          36  freertos.o(.constdata)
    user_debug_attributes                    0x0800ae54   Data          36  freertos.o(.constdata)
    Air_Joy_attributes                       0x0800ae78   Data          36  freertos.o(.constdata)
    Broadcast_attributes                     0x0800ae9c   Data          36  freertos.o(.constdata)
    AHBPrescTable                            0x0800aec8   Data          16  system_stm32f4xx.o(.constdata)
    APBPrescTable                            0x0800aed8   Data           8  system_stm32f4xx.o(.constdata)
    vtable for Motor_Base                    0x0800b068   Data          48  swerve_chassis.o(.constdata__ZTV10Motor_Base)
    vtable for Motor_Speed                   0x0800b098   Data          56  swerve_chassis.o(.constdata__ZTV11Motor_Speed)
    vtable for Motor_GM6020                  0x0800b0d0   Data          68  swerve_chassis.o(.constdata__ZTV12Motor_GM6020)
    vtable for VESC                          0x0800b114   Data          56  swerve_chassis.o(.constdata__ZTV4VESC)
    Region$$Table$$Base                      0x0800b198   Number         0  anon$$obj.o(Region$$Table)
    Region$$Table$$Limit                     0x0800b1b8   Number         0  anon$$obj.o(Region$$Table)
    SHT$$INIT_ARRAY$$Base                    0x0800b1b8   Number         0  air_joy.o(.init_array)
    SHT$$INIT_ARRAY$$Limit                   0x0800b1c4   Number         0  init_aeabi.o(.init_array)
    CAN1_SendHandle                          0x20000000   Data           4  freertos.o(.data)
    chassicHandle                            0x20000004   Data           4  freertos.o(.data)
    CAN2_SendHandle                          0x20000008   Data           4  freertos.o(.data)
    UART_SendHandle                          0x2000000c   Data           4  freertos.o(.data)
    user_debugHandle                         0x20000010   Data           4  freertos.o(.data)
    Air_JoyHandle                            0x20000014   Data           4  freertos.o(.data)
    BroadcastHandle                          0x20000018   Data           4  freertos.o(.data)
    uwTick                                   0x20000020   Data           4  stm32f4xx_hal.o(.data)
    uwTickPrio                               0x20000024   Data           4  stm32f4xx_hal.o(.data)
    uwTickFreq                               0x20000028   Data           1  stm32f4xx_hal.o(.data)
    SystemCoreClock                          0x2000002c   Data           4  system_stm32f4xx.o(.data)
    pxCurrentTCB                             0x20000030   Data           4  tasks.o(.data)
    x                                        0x200000b0   Data           4  ros.o(.data)
    y                                        0x200000b4   Data           4  ros.o(.data)
    z                                        0x200000b8   Data           4  ros.o(.data)
    ROS::get_systemTick                      0x200000bc   Data           4  ros.o(.data)
    AirJoy::get_systemTick                   0x200000c0   Data           4  air_joy.o(.data)
    Chassis_Base::get_systemTick             0x200000c4   Data           4  swerve_chassis.o(.data)
    Broadcast::get_systemTick                0x200000e8   Data           4  broadcast.o(.data)
    Port                                     0x200000f8   Data           4  data_pool.o(.data)
    CAN1_TxPort                              0x200000fc   Data           4  data_pool.o(.data)
    CAN2_TxPort                              0x20000100   Data           4  data_pool.o(.data)
    UART_TxPort                              0x20000104   Data           4  data_pool.o(.data)
    Recieve_ROS_Port                         0x20000108   Data           4  data_pool.o(.data)
    Chassia_Port                             0x2000010c   Data           4  data_pool.o(.data)
    Broadcast_Port                           0x20000110   Data           4  data_pool.o(.data)
    can_flag                                 0x20000114   Data           4  service_communication.o(.data)
    SystemTimerCnt                           0x20000120   Data           4  drive_tim.o(.data)
    Timer_Manager                            0x20000124   Data           8  drive_tim.o(.data)
    PidTimer::get_systemTick                 0x20000130   Data           4  pid.o(.data)
    hcan1                                    0x20000150   Data          40  can.o(.bss)
    hcan2                                    0x20000178   Data          40  can.o(.bss)
    htim4                                    0x200001a0   Data          72  tim.o(.bss)
    htim10                                   0x200001e8   Data          72  tim.o(.bss)
    huart1                                   0x20000230   Data          68  usart.o(.bss)
    huart2                                   0x20000274   Data          68  usart.o(.bss)
    huart3                                   0x200002b8   Data          68  usart.o(.bss)
    huart6                                   0x200002fc   Data          68  usart.o(.bss)
    hdma_usart1_tx                           0x20000340   Data          96  usart.o(.bss)
    hdma_usart1_rx                           0x200003a0   Data          96  usart.o(.bss)
    hdma_usart2_rx                           0x20000400   Data          96  usart.o(.bss)
    hdma_usart2_tx                           0x20000460   Data          96  usart.o(.bss)
    hdma_usart3_rx                           0x200004c0   Data          96  usart.o(.bss)
    hdma_usart3_tx                           0x20000520   Data          96  usart.o(.bss)
    hdma_usart6_rx                           0x20000580   Data          96  usart.o(.bss)
    hdma_usart6_tx                           0x200005e0   Data          96  usart.o(.bss)
    htim3                                    0x20000640   Data          72  stm32f4xx_hal_timebase_tim.o(.bss)
    xQueueRegistry                           0x20000688   Data          64  queue.o(.bss)
    air_joy                                  0x20004f5c   Data          52  air_joy.o(.bss)
    RudderMotor                              0x20004f90   Data         192  swerve_chassis.o(.bss)
    WheelMotor                               0x20005050   Data         240  swerve_chassis.o(.bss)
    Uart3_Rx_Buff                            0x20005160   Data          25  data_pool.o(.bss)
    chassis                                  0x20005180   Data        1152  service_config.o(.bss)
    usart1_manager                           0x20005648   Data          16  drive_uart.o(.bss)
    usart2_manager                           0x20005658   Data          16  drive_uart.o(.bss)
    usart3_manager                           0x20005668   Data          16  drive_uart.o(.bss)
    usart6_manager                           0x20005678   Data          16  drive_uart.o(.bss)
    __libspace_start                         0x20005710   Data          96  libspace.o(.bss)
    __temporary_stack_top$libspace           0x20005770   Data           0  libspace.o(.bss)



==============================================================================

Memory Map of the image

  Image Entry point : 0x08000189

  Load Region LR_IROM1 (Base: 0x08000000, Size: 0x0000b314, Max: 0x00100000, ABSOLUTE, COMPRESSED[0x0000b1d4])

    Execution Region ER_IROM1 (Exec base: 0x08000000, Load base: 0x08000000, Size: 0x0000b1c4, Max: 0x00100000, ABSOLUTE)

    Exec Addr    Load Addr    Size         Type   Attr      Idx    E Section Name        Object

    0x08000000   0x08000000   0x00000188   Data   RO            3    RESET               startup_stm32f407xx.o
    0x08000188   0x08000188   0x00000008   Code   RO         7621  * !!!main             c_w.l(__main.o)
    0x08000190   0x08000190   0x00000034   Code   RO         8241    !!!scatter          c_w.l(__scatter.o)
    0x080001c4   0x080001c4   0x0000003a   Code   RO         8239    !!dczerorl          c_w.l(__dczerorl.o)
    0x080001fe   0x080001fe   0x00000002   PAD
    0x08000200   0x08000200   0x0000001c   Code   RO         8243    !!handler_zi        c_w.l(__scatter_zi.o)
    0x0800021c   0x0800021c   0x00000002   Code   RO         8179    .ARM.Collect$$libinit$$00000000  c_w.l(libinit.o)
    0x0800021e   0x0800021e   0x00000004   Code   RO         7900    .ARM.Collect$$libinit$$00000001  c_w.l(libinit2.o)
    0x08000222   0x08000222   0x00000000   Code   RO         7903    .ARM.Collect$$libinit$$00000004  c_w.l(libinit2.o)
    0x08000222   0x08000222   0x00000008   Code   RO         7904    .ARM.Collect$$libinit$$00000005  c_w.l(libinit2.o)
    0x0800022a   0x0800022a   0x00000000   Code   RO         7906    .ARM.Collect$$libinit$$0000000A  c_w.l(libinit2.o)
    0x0800022a   0x0800022a   0x00000000   Code   RO         7908    .ARM.Collect$$libinit$$0000000C  c_w.l(libinit2.o)
    0x0800022a   0x0800022a   0x00000000   Code   RO         7910    .ARM.Collect$$libinit$$0000000E  c_w.l(libinit2.o)
    0x0800022a   0x0800022a   0x00000000   Code   RO         7913    .ARM.Collect$$libinit$$00000011  c_w.l(libinit2.o)
    0x0800022a   0x0800022a   0x00000000   Code   RO         7915    .ARM.Collect$$libinit$$00000013  c_w.l(libinit2.o)
    0x0800022a   0x0800022a   0x00000000   Code   RO         7917    .ARM.Collect$$libinit$$00000015  c_w.l(libinit2.o)
    0x0800022a   0x0800022a   0x00000000   Code   RO         7919    .ARM.Collect$$libinit$$00000017  c_w.l(libinit2.o)
    0x0800022a   0x0800022a   0x00000000   Code   RO         7921    .ARM.Collect$$libinit$$00000019  c_w.l(libinit2.o)
    0x0800022a   0x0800022a   0x00000000   Code   RO         7923    .ARM.Collect$$libinit$$0000001B  c_w.l(libinit2.o)
    0x0800022a   0x0800022a   0x00000000   Code   RO         7925    .ARM.Collect$$libinit$$0000001D  c_w.l(libinit2.o)
    0x0800022a   0x0800022a   0x00000000   Code   RO         7927    .ARM.Collect$$libinit$$0000001F  c_w.l(libinit2.o)
    0x0800022a   0x0800022a   0x00000000   Code   RO         7929    .ARM.Collect$$libinit$$00000021  c_w.l(libinit2.o)
    0x0800022a   0x0800022a   0x00000000   Code   RO         7931    .ARM.Collect$$libinit$$00000023  c_w.l(libinit2.o)
    0x0800022a   0x0800022a   0x00000000   Code   RO         7933    .ARM.Collect$$libinit$$00000025  c_w.l(libinit2.o)
    0x0800022a   0x0800022a   0x00000000   Code   RO         7937    .ARM.Collect$$libinit$$0000002C  c_w.l(libinit2.o)
    0x0800022a   0x0800022a   0x00000000   Code   RO         7939    .ARM.Collect$$libinit$$0000002E  c_w.l(libinit2.o)
    0x0800022a   0x0800022a   0x00000000   Code   RO         7941    .ARM.Collect$$libinit$$00000030  c_w.l(libinit2.o)
    0x0800022a   0x0800022a   0x00000004   Code   RO         7942    .ARM.Collect$$libinit$$00000031  c_w.l(libinit2.o)
    0x0800022e   0x0800022e   0x00000000   Code   RO         7943    .ARM.Collect$$libinit$$00000032  c_w.l(libinit2.o)
    0x0800022e   0x0800022e   0x00000002   Code   RO         7944    .ARM.Collect$$libinit$$00000033  c_w.l(libinit2.o)
    0x08000230   0x08000230   0x00000002   Code   RO         8236    .ARM.Collect$$libshutdown$$00000000  c_w.l(libshutdown.o)
    0x08000232   0x08000232   0x00000006   Code   RO         8078    .ARM.Collect$$libshutdown$$00000001  c_w.l(libshutdown2.o)
    0x08000238   0x08000238   0x00000000   Code   RO         8079    .ARM.Collect$$libshutdown$$00000002  c_w.l(libshutdown2.o)
    0x08000238   0x08000238   0x00000000   Code   RO         8081    .ARM.Collect$$libshutdown$$00000004  c_w.l(libshutdown2.o)
    0x08000238   0x08000238   0x00000000   Code   RO         8084    .ARM.Collect$$libshutdown$$00000007  c_w.l(libshutdown2.o)
    0x08000238   0x08000238   0x00000000   Code   RO         8087    .ARM.Collect$$libshutdown$$0000000A  c_w.l(libshutdown2.o)
    0x08000238   0x08000238   0x00000000   Code   RO         8089    .ARM.Collect$$libshutdown$$0000000C  c_w.l(libshutdown2.o)
    0x08000238   0x08000238   0x00000000   Code   RO         8092    .ARM.Collect$$libshutdown$$0000000F  c_w.l(libshutdown2.o)
    0x08000238   0x08000238   0x00000002   Code   RO         8093    .ARM.Collect$$libshutdown$$00000010  c_w.l(libshutdown2.o)
    0x0800023a   0x0800023a   0x00000000   Code   RO         7817    .ARM.Collect$$rtentry$$00000000  c_w.l(__rtentry.o)
    0x0800023a   0x0800023a   0x00000000   Code   RO         8022    .ARM.Collect$$rtentry$$00000002  c_w.l(__rtentry2.o)
    0x0800023a   0x0800023a   0x00000006   Code   RO         8034    .ARM.Collect$$rtentry$$00000004  c_w.l(__rtentry4.o)
    0x08000240   0x08000240   0x00000000   Code   RO         8024    .ARM.Collect$$rtentry$$00000009  c_w.l(__rtentry2.o)
    0x08000240   0x08000240   0x00000004   Code   RO         8025    .ARM.Collect$$rtentry$$0000000A  c_w.l(__rtentry2.o)
    0x08000244   0x08000244   0x00000000   Code   RO         8027    .ARM.Collect$$rtentry$$0000000C  c_w.l(__rtentry2.o)
    0x08000244   0x08000244   0x00000008   Code   RO         8028    .ARM.Collect$$rtentry$$0000000D  c_w.l(__rtentry2.o)
    0x0800024c   0x0800024c   0x00000002   Code   RO         8195    .ARM.Collect$$rtexit$$00000000  c_w.l(rtexit.o)
    0x0800024e   0x0800024e   0x00000000   Code   RO         8212    .ARM.Collect$$rtexit$$00000002  c_w.l(rtexit2.o)
    0x0800024e   0x0800024e   0x00000004   Code   RO         8213    .ARM.Collect$$rtexit$$00000003  c_w.l(rtexit2.o)
    0x08000252   0x08000252   0x00000006   Code   RO         8214    .ARM.Collect$$rtexit$$00000004  c_w.l(rtexit2.o)
    0x08000258   0x08000258   0x000000be   Code   RO         5411    .emb_text           port.o
    0x08000316   0x08000316   0x00000002   PAD
    0x08000318   0x08000318   0x00000000   Code   RO         8145    .emb_text           c_w.l(maybetermalloc1.o)
    0x08000318   0x08000318   0x00000040   Code   RO            4    .text               startup_stm32f407xx.o
    0x08000358   0x08000358   0x000000ee   Code   RO         7601    .text               c_w.l(lludivv7m.o)
    0x08000446   0x08000446   0x0000002e   Code   RO         7606    .text               c_w.l(aeabi_atexit.o)
    0x08000474   0x08000474   0x0000008a   Code   RO         7609    .text               c_w.l(rt_memcpy_v6.o)
    0x080004fe   0x080004fe   0x00000064   Code   RO         7611    .text               c_w.l(rt_memcpy_w.o)
    0x08000562   0x08000562   0x00000010   Code   RO         7615    .text               c_w.l(aeabi_memset.o)
    0x08000572   0x08000572   0x0000004e   Code   RO         7617    .text               c_w.l(rt_memclr_w.o)
    0x080005c0   0x080005c0   0x00000006   Code   RO         7619    .text               c_w.l(heapauxi.o)
    0x080005c6   0x080005c6   0x00000002   PAD
    0x080005c8   0x080005c8   0x00000024   Code   RO         7626    .text               c_w.l(init_aeabi.o)
    0x080005ec   0x080005ec   0x00000022   Code   RO         7750    .text               cpprt_w.l(aeabi_vec_dtor_noexceptions.o)
    0x0800060e   0x0800060e   0x00000002   PAD
    0x08000610   0x08000610   0x00000008   Code   RO         7825    .text               c_w.l(rt_ddtor_pointer_addr_intlibspace.o)
    0x08000618   0x08000618   0x0000005e   Code   RO         7831    .text               c_w.l(h1_alloc.o)
    0x08000676   0x08000676   0x0000004e   Code   RO         7833    .text               c_w.l(h1_free.o)
    0x080006c4   0x080006c4   0x00000016   Code   RO         7889    .text               c_w.l(_rserrno.o)
    0x080006da   0x080006da   0x00000042   Code   RO         7891    .text               c_w.l(cxa_finalize.o)
    0x0800071c   0x0800071c   0x00000044   Code   RO         7898    .text               c_w.l(rt_memclr.o)
    0x08000760   0x08000760   0x00000008   Code   RO         8016    .text               c_w.l(libspace.o)
    0x08000768   0x08000768   0x00000008   Code   RO         8043    .text               c_w.l(rt_heap_descriptor_intlibspace.o)
    0x08000770   0x08000770   0x00000008   Code   RO         8048    .text               c_w.l(rt_errno_addr_intlibspace.o)
    0x08000778   0x08000778   0x00000004   Code   RO         8050    .text               c_w.l(hguard.o)
    0x0800077c   0x0800077c   0x0000008a   Code   RO         8052    .text               c_w.l(init_alloc.o)
    0x08000806   0x08000806   0x0000000e   Code   RO         8056    .text               c_w.l(h1_init.o)
    0x08000814   0x08000814   0x0000000a   Code   RO         8070    .text               c_w.l(defsig_exit.o)
    0x0800081e   0x0800081e   0x00000002   PAD
    0x08000820   0x08000820   0x0000000c   Code   RO         8134    .text               c_w.l(sys_exit.o)
    0x0800082c   0x0800082c   0x0000004a   Code   RO         8136    .text               c_w.l(sys_stackheap_outer.o)
    0x08000876   0x08000876   0x00000034   Code   RO         8147    .text               c_w.l(h1_extend.o)
    0x080008aa   0x080008aa   0x00000012   Code   RO         8151    .text               c_w.l(exit.o)
    0x080008bc   0x080008bc   0x00000032   Code   RO         8157    .text               c_w.l(defsig_general.o)
    0x080008ee   0x080008ee   0x0000000e   Code   RO         8163    .text               c_w.l(defsig_rtmem_outer.o)
    0x080008fc   0x080008fc   0x0000000e   Code   RO         8190    .text               c_w.l(sys_wrch.o)
    0x0800090a   0x0800090a   0x00000002   Code   RO         8192    .text               c_w.l(use_no_semi.o)
    0x0800090c   0x0800090c   0x00000000   Code   RO         8194    .text               c_w.l(indicate_semi.o)
    0x0800090c   0x0800090c   0x00000050   Code   RO         8207    .text               c_w.l(defsig_rtmem_inner.o)
    0x0800095c   0x0800095c   0x0000001c   Code   RO         5836    i.<Func11>          swerve_chassis.o
    0x08000978   0x08000978   0x0000001c   Code   RO         5837    i.<Func12>          swerve_chassis.o
    0x08000994   0x08000994   0x0000000e   Code   RO         7505    i.Air_Joy_Task      fsm_joy.o
    0x080009a2   0x080009a2   0x00000002   PAD
    0x080009a4   0x080009a4   0x00000038   Code   RO         6890    i.App_Init          service_config.o
    0x080009dc   0x080009dc   0x00000064   Code   RO         7506    i.Broadcast_Task    fsm_joy.o
    0x08000a40   0x08000a40   0x00000004   Code   RO          603    i.BusFault_Handler  stm32f4xx_it.o
    0x08000a44   0x08000a44   0x00000010   Code   RO          604    i.CAN1_RX0_IRQHandler  stm32f4xx_it.o
    0x08000a54   0x08000a54   0x0000006c   Code   RO         6783    i.CAN1_RxCallBack   service_communication.o
    0x08000ac0   0x08000ac0   0x00000040   Code   RO         6784    i.CAN1_Send_Task    service_communication.o
    0x08000b00   0x08000b00   0x00000010   Code   RO          605    i.CAN1_TX_IRQHandler  stm32f4xx_it.o
    0x08000b10   0x08000b10   0x00000010   Code   RO          606    i.CAN2_RX0_IRQHandler  stm32f4xx_it.o
    0x08000b20   0x08000b20   0x00000038   Code   RO         6785    i.CAN2_RxCallBack   service_communication.o
    0x08000b58   0x08000b58   0x0000003c   Code   RO         6786    i.CAN2_Send_Task    service_communication.o
    0x08000b94   0x08000b94   0x00000010   Code   RO          607    i.CAN2_TX_IRQHandler  stm32f4xx_it.o
    0x08000ba4   0x08000ba4   0x00000074   Code   RO         7150    i.CAN_Filter_Init   drive_can.o
    0x08000c18   0x08000c18   0x00000070   Code   RO         7151    i.CAN_Init          drive_can.o
    0x08000c88   0x08000c88   0x00000044   Code   RO         7451    i.Chassis_Task      chassis_task.o
    0x08000ccc   0x08000ccc   0x00000010   Code   RO          608    i.DMA1_Stream1_IRQHandler  stm32f4xx_it.o
    0x08000cdc   0x08000cdc   0x00000010   Code   RO          609    i.DMA1_Stream3_IRQHandler  stm32f4xx_it.o
    0x08000cec   0x08000cec   0x00000010   Code   RO          610    i.DMA1_Stream5_IRQHandler  stm32f4xx_it.o
    0x08000cfc   0x08000cfc   0x00000010   Code   RO          611    i.DMA1_Stream6_IRQHandler  stm32f4xx_it.o
    0x08000d0c   0x08000d0c   0x00000010   Code   RO          612    i.DMA2_Stream1_IRQHandler  stm32f4xx_it.o
    0x08000d1c   0x08000d1c   0x00000010   Code   RO          613    i.DMA2_Stream2_IRQHandler  stm32f4xx_it.o
    0x08000d2c   0x08000d2c   0x00000010   Code   RO          614    i.DMA2_Stream6_IRQHandler  stm32f4xx_it.o
    0x08000d3c   0x08000d3c   0x00000010   Code   RO          615    i.DMA2_Stream7_IRQHandler  stm32f4xx_it.o
    0x08000d4c   0x08000d4c   0x00000034   Code   RO         1584    i.DMA_CalcBaseAndBitshift  stm32f4xx_hal_dma.o
    0x08000d80   0x08000d80   0x000000aa   Code   RO         1585    i.DMA_CheckFifoParam  stm32f4xx_hal_dma.o
    0x08000e2a   0x08000e2a   0x0000002c   Code   RO         1586    i.DMA_SetConfig     stm32f4xx_hal_dma.o
    0x08000e56   0x08000e56   0x00000002   PAD
    0x08000e58   0x08000e58   0x00000070   Code   RO         6751    i.DataPool_Init     data_pool.o
    0x08000ec8   0x08000ec8   0x00000002   Code   RO          616    i.DebugMon_Handler  stm32f4xx_it.o
    0x08000eca   0x08000eca   0x0000000a   Code   RO          617    i.EXTI9_5_IRQHandler  stm32f4xx_it.o
    0x08000ed4   0x08000ed4   0x00000006   Code   RO           13    i.Error_Handler     main.o
    0x08000eda   0x08000eda   0x00000004   Code   RO         7214    i.Error_Handler     drive_tim.o
    0x08000ede   0x08000ede   0x00000002   PAD
    0x08000ee0   0x08000ee0   0x0000001c   Code   RO         7215    i.Get_SystemTimer   drive_tim.o
    0x08000efc   0x08000efc   0x0000002a   Code   RO          847    i.HAL_CAN_ActivateNotification  stm32f4xx_hal_can.o
    0x08000f26   0x08000f26   0x00000156   Code   RO          848    i.HAL_CAN_AddTxMessage  stm32f4xx_hal_can.o
    0x0800107c   0x0800107c   0x00000124   Code   RO          849    i.HAL_CAN_ConfigFilter  stm32f4xx_hal_can.o
    0x080011a0   0x080011a0   0x00000002   Code   RO          852    i.HAL_CAN_ErrorCallback  stm32f4xx_hal_can.o
    0x080011a2   0x080011a2   0x0000017a   Code   RO          855    i.HAL_CAN_GetRxMessage  stm32f4xx_hal_can.o
    0x0800131c   0x0800131c   0x00000036   Code   RO          857    i.HAL_CAN_GetTxMailboxesFreeLevel  stm32f4xx_hal_can.o
    0x08001352   0x08001352   0x0000024e   Code   RO          859    i.HAL_CAN_IRQHandler  stm32f4xx_hal_can.o
    0x080015a0   0x080015a0   0x00000174   Code   RO          860    i.HAL_CAN_Init      stm32f4xx_hal_can.o
    0x08001714   0x08001714   0x00000184   Code   RO          414    i.HAL_CAN_MspInit   can.o
    0x08001898   0x08001898   0x00000002   Code   RO          867    i.HAL_CAN_RxFifo0FullCallback  stm32f4xx_hal_can.o
    0x0800189a   0x0800189a   0x00000002   PAD
    0x0800189c   0x0800189c   0x00000058   Code   RO         7152    i.HAL_CAN_RxFifo0MsgPendingCallback  drive_can.o
    0x080018f4   0x080018f4   0x00000002   Code   RO          869    i.HAL_CAN_RxFifo1FullCallback  stm32f4xx_hal_can.o
    0x080018f6   0x080018f6   0x00000002   PAD
    0x080018f8   0x080018f8   0x00000058   Code   RO         7153    i.HAL_CAN_RxFifo1MsgPendingCallback  drive_can.o
    0x08001950   0x08001950   0x00000002   Code   RO          871    i.HAL_CAN_SleepCallback  stm32f4xx_hal_can.o
    0x08001952   0x08001952   0x0000005e   Code   RO          872    i.HAL_CAN_Start     stm32f4xx_hal_can.o
    0x080019b0   0x080019b0   0x00000002   Code   RO          874    i.HAL_CAN_TxMailbox0AbortCallback  stm32f4xx_hal_can.o
    0x080019b2   0x080019b2   0x00000002   Code   RO          875    i.HAL_CAN_TxMailbox0CompleteCallback  stm32f4xx_hal_can.o
    0x080019b4   0x080019b4   0x00000002   Code   RO          876    i.HAL_CAN_TxMailbox1AbortCallback  stm32f4xx_hal_can.o
    0x080019b6   0x080019b6   0x00000002   Code   RO          877    i.HAL_CAN_TxMailbox1CompleteCallback  stm32f4xx_hal_can.o
    0x080019b8   0x080019b8   0x00000002   Code   RO          878    i.HAL_CAN_TxMailbox2AbortCallback  stm32f4xx_hal_can.o
    0x080019ba   0x080019ba   0x00000002   Code   RO          879    i.HAL_CAN_TxMailbox2CompleteCallback  stm32f4xx_hal_can.o
    0x080019bc   0x080019bc   0x00000002   Code   RO          881    i.HAL_CAN_WakeUpFromRxMsgCallback  stm32f4xx_hal_can.o
    0x080019be   0x080019be   0x000000ac   Code   RO         1587    i.HAL_DMA_Abort     stm32f4xx_hal_dma.o
    0x08001a6a   0x08001a6a   0x00000028   Code   RO         1588    i.HAL_DMA_Abort_IT  stm32f4xx_hal_dma.o
    0x08001a92   0x08001a92   0x00000002   PAD
    0x08001a94   0x08001a94   0x00000240   Code   RO         1592    i.HAL_DMA_IRQHandler  stm32f4xx_hal_dma.o
    0x08001cd4   0x08001cd4   0x000000ec   Code   RO         1593    i.HAL_DMA_Init      stm32f4xx_hal_dma.o
    0x08001dc0   0x08001dc0   0x00000092   Code   RO         1597    i.HAL_DMA_Start_IT  stm32f4xx_hal_dma.o
    0x08001e52   0x08001e52   0x00000002   PAD
    0x08001e54   0x08001e54   0x00000014   Code   RO         5684    i.HAL_GPIO_EXTI_Callback  air_joy.o
    0x08001e68   0x08001e68   0x0000001c   Code   RO         1479    i.HAL_GPIO_EXTI_IRQHandler  stm32f4xx_hal_gpio.o
    0x08001e84   0x08001e84   0x000001f4   Code   RO         1480    i.HAL_GPIO_Init     stm32f4xx_hal_gpio.o
    0x08002078   0x08002078   0x0000000c   Code   RO         2017    i.HAL_GetTick       stm32f4xx_hal.o
    0x08002084   0x08002084   0x00000018   Code   RO         2023    i.HAL_IncTick       stm32f4xx_hal.o
    0x0800209c   0x0800209c   0x0000003c   Code   RO         2024    i.HAL_Init          stm32f4xx_hal.o
    0x080020d8   0x080020d8   0x000000b4   Code   RO          807    i.HAL_InitTick      stm32f4xx_hal_timebase_tim.o
    0x0800218c   0x0800218c   0x00000054   Code   RO          783    i.HAL_MspInit       stm32f4xx_hal_msp.o
    0x080021e0   0x080021e0   0x00000020   Code   RO         1869    i.HAL_NVIC_EnableIRQ  stm32f4xx_hal_cortex.o
    0x08002200   0x08002200   0x0000007c   Code   RO         1875    i.HAL_NVIC_SetPriority  stm32f4xx_hal_cortex.o
    0x0800227c   0x0800227c   0x00000028   Code   RO         1876    i.HAL_NVIC_SetPriorityGrouping  stm32f4xx_hal_cortex.o
    0x080022a4   0x080022a4   0x00000184   Code   RO         1081    i.HAL_RCC_ClockConfig  stm32f4xx_hal_rcc.o
    0x08002428   0x08002428   0x00000044   Code   RO         1085    i.HAL_RCC_GetClockConfig  stm32f4xx_hal_rcc.o
    0x0800246c   0x0800246c   0x0000000c   Code   RO         1086    i.HAL_RCC_GetHCLKFreq  stm32f4xx_hal_rcc.o
    0x08002478   0x08002478   0x00000020   Code   RO         1088    i.HAL_RCC_GetPCLK1Freq  stm32f4xx_hal_rcc.o
    0x08002498   0x08002498   0x00000020   Code   RO         1089    i.HAL_RCC_GetPCLK2Freq  stm32f4xx_hal_rcc.o
    0x080024b8   0x080024b8   0x000000b0   Code   RO         1090    i.HAL_RCC_GetSysClockFreq  stm32f4xx_hal_rcc.o
    0x08002568   0x08002568   0x0000049c   Code   RO         1093    i.HAL_RCC_OscConfig  stm32f4xx_hal_rcc.o
    0x08002a04   0x08002a04   0x00000002   Code   RO         2979    i.HAL_TIMEx_BreakCallback  stm32f4xx_hal_tim_ex.o
    0x08002a06   0x08002a06   0x00000002   Code   RO         2980    i.HAL_TIMEx_CommutCallback  stm32f4xx_hal_tim_ex.o
    0x08002a08   0x08002a08   0x000000b4   Code   RO         2998    i.HAL_TIMEx_MasterConfigSynchronization  stm32f4xx_hal_tim_ex.o
    0x08002abc   0x08002abc   0x00000066   Code   RO         2264    i.HAL_TIM_Base_Init  stm32f4xx_hal_tim.o
    0x08002b22   0x08002b22   0x00000002   PAD
    0x08002b24   0x08002b24   0x00000078   Code   RO          490    i.HAL_TIM_Base_MspInit  tim.o
    0x08002b9c   0x08002b9c   0x000000a8   Code   RO         2269    i.HAL_TIM_Base_Start_IT  stm32f4xx_hal_tim.o
    0x08002c44   0x08002c44   0x0000010c   Code   RO         2273    i.HAL_TIM_ConfigClockSource  stm32f4xx_hal_tim.o
    0x08002d50   0x08002d50   0x00000002   Code   RO         2298    i.HAL_TIM_IC_CaptureCallback  stm32f4xx_hal_tim.o
    0x08002d52   0x08002d52   0x00000196   Code   RO         2312    i.HAL_TIM_IRQHandler  stm32f4xx_hal_tim.o
    0x08002ee8   0x08002ee8   0x00000060   Code   RO          491    i.HAL_TIM_MspPostInit  tim.o
    0x08002f48   0x08002f48   0x00000002   Code   RO         2315    i.HAL_TIM_OC_DelayElapsedCallback  stm32f4xx_hal_tim.o
    0x08002f4a   0x08002f4a   0x00000104   Code   RO         2336    i.HAL_TIM_PWM_ConfigChannel  stm32f4xx_hal_tim.o
    0x0800304e   0x0800304e   0x00000066   Code   RO         2339    i.HAL_TIM_PWM_Init  stm32f4xx_hal_tim.o
    0x080030b4   0x080030b4   0x00000002   Code   RO         2341    i.HAL_TIM_PWM_MspInit  stm32f4xx_hal_tim.o
    0x080030b6   0x080030b6   0x00000002   Code   RO         2342    i.HAL_TIM_PWM_PulseFinishedCallback  stm32f4xx_hal_tim.o
    0x080030b8   0x080030b8   0x0000010c   Code   RO         2344    i.HAL_TIM_PWM_Start  stm32f4xx_hal_tim.o
    0x080031c4   0x080031c4   0x00000028   Code   RO           14    i.HAL_TIM_PeriodElapsedCallback  main.o
    0x080031ec   0x080031ec   0x00000002   Code   RO         2355    i.HAL_TIM_TriggerCallback  stm32f4xx_hal_tim.o
    0x080031ee   0x080031ee   0x00000002   Code   RO         3257    i.HAL_UARTEx_RxEventCallback  stm32f4xx_hal_uart.o
    0x080031f0   0x080031f0   0x0000008a   Code   RO         3269    i.HAL_UART_DMAStop  stm32f4xx_hal_uart.o
    0x0800327a   0x0800327a   0x00000002   Code   RO         3271    i.HAL_UART_ErrorCallback  stm32f4xx_hal_uart.o
    0x0800327c   0x0800327c   0x000002e0   Code   RO         3274    i.HAL_UART_IRQHandler  stm32f4xx_hal_uart.o
    0x0800355c   0x0800355c   0x00000072   Code   RO         3275    i.HAL_UART_Init     stm32f4xx_hal_uart.o
    0x080035ce   0x080035ce   0x00000002   PAD
    0x080035d0   0x080035d0   0x00000434   Code   RO          544    i.HAL_UART_MspInit  usart.o
    0x08003a04   0x08003a04   0x00000042   Code   RO         3279    i.HAL_UART_Receive_DMA  stm32f4xx_hal_uart.o
    0x08003a46   0x08003a46   0x00000002   Code   RO         3281    i.HAL_UART_RxCpltCallback  stm32f4xx_hal_uart.o
    0x08003a48   0x08003a48   0x00000002   Code   RO         3282    i.HAL_UART_RxHalfCpltCallback  stm32f4xx_hal_uart.o
    0x08003a4a   0x08003a4a   0x00000002   PAD
    0x08003a4c   0x08003a4c   0x000000ac   Code   RO         3284    i.HAL_UART_Transmit_DMA  stm32f4xx_hal_uart.o
    0x08003af8   0x08003af8   0x00000002   Code   RO         3286    i.HAL_UART_TxCpltCallback  stm32f4xx_hal_uart.o
    0x08003afa   0x08003afa   0x00000002   Code   RO         3287    i.HAL_UART_TxHalfCpltCallback  stm32f4xx_hal_uart.o
    0x08003afc   0x08003afc   0x00000004   Code   RO          618    i.HardFault_Handler  stm32f4xx_it.o
    0x08003b00   0x08003b00   0x00000044   Code   RO          415    i.MX_CAN1_Init      can.o
    0x08003b44   0x08003b44   0x00000044   Code   RO          416    i.MX_CAN2_Init      can.o
    0x08003b88   0x08003b88   0x000000c8   Code   RO          462    i.MX_DMA_Init       dma.o
    0x08003c50   0x08003c50   0x000000bc   Code   RO          371    i.MX_FREERTOS_Init  freertos.o
    0x08003d0c   0x08003d0c   0x000000d8   Code   RO          250    i.MX_GPIO_Init      gpio.o
    0x08003de4   0x08003de4   0x0000006c   Code   RO          492    i.MX_TIM10_Init     tim.o
    0x08003e50   0x08003e50   0x0000006c   Code   RO          493    i.MX_TIM4_Init      tim.o
    0x08003ebc   0x08003ebc   0x00000038   Code   RO          545    i.MX_USART1_UART_Init  usart.o
    0x08003ef4   0x08003ef4   0x00000038   Code   RO          546    i.MX_USART2_UART_Init  usart.o
    0x08003f2c   0x08003f2c   0x00000038   Code   RO          547    i.MX_USART3_UART_Init  usart.o
    0x08003f64   0x08003f64   0x00000038   Code   RO          548    i.MX_USART6_UART_Init  usart.o
    0x08003f9c   0x08003f9c   0x00000004   Code   RO          619    i.MemManage_Handler  stm32f4xx_it.o
    0x08003fa0   0x08003fa0   0x00000004   Code   RO          620    i.NMI_Handler       stm32f4xx_it.o
    0x08003fa4   0x08003fa4   0x00000022   Code   RO         7216    i.PWM_ReInit        drive_tim.o
    0x08003fc6   0x08003fc6   0x00000002   PAD
    0x08003fc8   0x08003fc8   0x00000168   Code   RO         7507    i.ROS_Cmd_Process   fsm_joy.o
    0x08004130   0x08004130   0x00000034   Code   RO         6787    i.ROS_UART3_RxCallback  service_communication.o
    0x08004164   0x08004164   0x00000036   Code   RO         7217    i.Set_PwmDuty       drive_tim.o
    0x0800419a   0x0800419a   0x00000020   Code   RO         7218    i.Set_PwmFreq       drive_tim.o
    0x080041ba   0x080041ba   0x00000016   Code   RO         4822    i.SysTick_Handler   cmsis_os2.o
    0x080041d0   0x080041d0   0x000000b4   Code   RO           15    i.SystemClock_Config  main.o
    0x08004284   0x08004284   0x00000014   Code   RO         3614    i.SystemInit        system_stm32f4xx.o
    0x08004298   0x08004298   0x00000094   Code   RO         6891    i.System_Resource_Init  service_config.o
    0x0800432c   0x0800432c   0x00000010   Code   RO          621    i.TIM3_IRQHandler   stm32f4xx_it.o
    0x0800433c   0x0800433c   0x00000010   Code   RO          622    i.TIM4_IRQHandler   stm32f4xx_it.o
    0x0800434c   0x0800434c   0x000000d8   Code   RO         2357    i.TIM_Base_SetConfig  stm32f4xx_hal_tim.o
    0x08004424   0x08004424   0x00000022   Code   RO         2358    i.TIM_CCxChannelCmd  stm32f4xx_hal_tim.o
    0x08004446   0x08004446   0x00000016   Code   RO         2368    i.TIM_ETR_SetConfig  stm32f4xx_hal_tim.o
    0x0800445c   0x0800445c   0x00000012   Code   RO         2369    i.TIM_ITRx_SetConfig  stm32f4xx_hal_tim.o
    0x0800446e   0x0800446e   0x00000002   PAD
    0x08004470   0x08004470   0x00000070   Code   RO         2370    i.TIM_OC1_SetConfig  stm32f4xx_hal_tim.o
    0x080044e0   0x080044e0   0x0000007c   Code   RO         2371    i.TIM_OC2_SetConfig  stm32f4xx_hal_tim.o
    0x0800455c   0x0800455c   0x00000078   Code   RO         2372    i.TIM_OC3_SetConfig  stm32f4xx_hal_tim.o
    0x080045d4   0x080045d4   0x00000054   Code   RO         2373    i.TIM_OC4_SetConfig  stm32f4xx_hal_tim.o
    0x08004628   0x08004628   0x00000026   Code   RO         2375    i.TIM_TI1_ConfigInputStage  stm32f4xx_hal_tim.o
    0x0800464e   0x0800464e   0x00000028   Code   RO         2377    i.TIM_TI2_ConfigInputStage  stm32f4xx_hal_tim.o
    0x08004676   0x08004676   0x00000002   PAD
    0x08004678   0x08004678   0x00000020   Code   RO         7219    i.Timer_Init        drive_tim.o
    0x08004698   0x08004698   0x00000014   Code   RO         3288    i.UART_DMAAbortOnError  stm32f4xx_hal_uart.o
    0x080046ac   0x080046ac   0x00000050   Code   RO         3289    i.UART_DMAError     stm32f4xx_hal_uart.o
    0x080046fc   0x080046fc   0x000000b0   Code   RO         3290    i.UART_DMAReceiveCplt  stm32f4xx_hal_uart.o
    0x080047ac   0x080047ac   0x00000020   Code   RO         3292    i.UART_DMARxHalfCplt  stm32f4xx_hal_uart.o
    0x080047cc   0x080047cc   0x00000058   Code   RO         3294    i.UART_DMATransmitCplt  stm32f4xx_hal_uart.o
    0x08004824   0x08004824   0x0000000e   Code   RO         3296    i.UART_DMATxHalfCplt  stm32f4xx_hal_uart.o
    0x08004832   0x08004832   0x0000006c   Code   RO         3298    i.UART_EndRxTransfer  stm32f4xx_hal_uart.o
    0x0800489e   0x0800489e   0x00000020   Code   RO         3299    i.UART_EndTransmit_IT  stm32f4xx_hal_uart.o
    0x080048be   0x080048be   0x00000026   Code   RO         3300    i.UART_EndTxTransfer  stm32f4xx_hal_uart.o
    0x080048e4   0x080048e4   0x000000f8   Code   RO         3301    i.UART_Receive_IT   stm32f4xx_hal_uart.o
    0x080049dc   0x080049dc   0x00000030   Code   RO         6788    i.UART_Send_Task    service_communication.o
    0x08004a0c   0x08004a0c   0x0000022c   Code   RO         3302    i.UART_SetConfig    stm32f4xx_hal_uart.o
    0x08004c38   0x08004c38   0x000000d0   Code   RO         3303    i.UART_Start_Receive_DMA  stm32f4xx_hal_uart.o
    0x08004d08   0x08004d08   0x00000060   Code   RO         3305    i.UART_Transmit_IT  stm32f4xx_hal_uart.o
    0x08004d68   0x08004d68   0x00000018   Code   RO          623    i.USART1_IRQHandler  stm32f4xx_it.o
    0x08004d80   0x08004d80   0x00000018   Code   RO          624    i.USART2_IRQHandler  stm32f4xx_it.o
    0x08004d98   0x08004d98   0x00000018   Code   RO          625    i.USART3_IRQHandler  stm32f4xx_it.o
    0x08004db0   0x08004db0   0x00000018   Code   RO          626    i.USART6_IRQHandler  stm32f4xx_it.o
    0x08004dc8   0x08004dc8   0x00000138   Code   RO         7295    i.Uart_Init         drive_uart.o
    0x08004f00   0x08004f00   0x00000018   Code   RO         7296    i.Uart_Receive_Handler  drive_uart.o
    0x08004f18   0x08004f18   0x00000050   Code   RO         7297    i.Uart_Rx_Idle_Callback  drive_uart.o
    0x08004f68   0x08004f68   0x00000010   Code   RO         7220    i.Update_SystemTick  drive_tim.o
    0x08004f78   0x08004f78   0x00000004   Code   RO          627    i.UsageFault_Handler  stm32f4xx_it.o
    0x08004f7c   0x08004f7c   0x0000000a   Code   RO         6991    i.User_Debug_Task   user_debug.o
    0x08004f86   0x08004f86   0x00000002   PAD
    0x08004f88   0x08004f88   0x0000026c   Code   RO         7452    i._Z16Chassis_Pid_Initv  chassis_task.o
    0x080051f4   0x080051f4   0x0000000e   Code   RO         5838    i._Z3ABSi           swerve_chassis.o
    0x08005202   0x08005202   0x00000002   PAD
    0x08005204   0x08005204   0x000000cc   Code   RO         6097    i._ZN10Motor_Base12update_angleEPh  swerve_chassis.o
    0x080052d0   0x080052d0   0x0000000e   Code   RO         6125    i._ZN11Motor_Speed12update_speedEPh  swerve_chassis.o
    0x080052de   0x080052de   0x00000002   PAD
    0x080052e0   0x080052e0   0x00000050   Code   RO         5988    i._ZN11Motor_SpeedC2Eh  swerve_chassis.o
    0x08005330   0x08005330   0x00000008   Code   RO         6045    i._ZN11Motor_SpeedD2Ev  swerve_chassis.o
    0x08005338   0x08005338   0x0000007c   Code   RO         5839    i._ZN12Chassis_Base16update_timeStampEv  swerve_chassis.o
    0x080053b4   0x080053b4   0x00000014   Code   RO         5840    i._ZN12Chassis_Base19getMicroTick_registEPFjvE  swerve_chassis.o
    0x080053c8   0x080053c8   0x00000024   Code   RO         6039    i._ZN12Chassis_Base25ChassisVel_Trans_MotorRPMEff  swerve_chassis.o
    0x080053ec   0x080053ec   0x00000024   Code   RO         7478    i._ZN12Motor_GM602018set_encoder_offsetEt  chassis_task.o
    0x08005410   0x08005410   0x0000002e   Code   RO         6158    i._ZN12Motor_GM60206updateEPh  swerve_chassis.o
    0x0800543e   0x0800543e   0x00000002   PAD
    0x08005440   0x08005440   0x00000024   Code   RO         5994    i._ZN12Motor_GM6020C1Eh  swerve_chassis.o
    0x08005464   0x08005464   0x00000010   Code   RO         6027    i._ZN12Motor_GM6020D1Ev  swerve_chassis.o
    0x08005474   0x08005474   0x0000001a   Code   RO         7346    i._ZN13LowPassFilter1fEf  filter.o
    0x0800548e   0x0800548e   0x0000000e   Code   RO         7347    i._ZN13LowPassFilter2inEf  filter.o
    0x0800549c   0x0800549c   0x00000022   Code   RO         7348    i._ZN13LowPassFilter3outEv  filter.o
    0x080054be   0x080054be   0x00000002   PAD
    0x080054c0   0x080054c0   0x00000018   Code   RO         6939    i._ZN13LowPassFilterC1Ef  service_config.o
    0x080054d8   0x080054d8   0x00000138   Code   RO         5841    i._ZN14Swerve_Chassis12Chassis_LockEP8Swerve_t  swerve_chassis.o
    0x08005610   0x08005610   0x0000009c   Code   RO         5842    i._ZN14Swerve_Chassis13Motor_ControlEv  swerve_chassis.o
    0x080056ac   0x080056ac   0x000000e4   Code   RO         5843    i._ZN14Swerve_Chassis13Pid_Mode_InitE13CHASSIS_PID_Effbb  swerve_chassis.o
    0x08005790   0x08005790   0x0000014e   Code   RO         5844    i._ZN14Swerve_Chassis14Pid_Param_InitE13CHASSIS_PID_Effffff  swerve_chassis.o
    0x080058de   0x080058de   0x00000002   PAD
    0x080058e0   0x080058e0   0x00000180   Code   RO         5845    i._ZN14Swerve_Chassis18RudderAngle_AdjustEP8Swerve_t  swerve_chassis.o
    0x08005a60   0x08005a60   0x00000284   Code   RO         5846    i._ZN14Swerve_Chassis18Velocity_CalculateE13Robot_Twist_tP8Swerve_t  swerve_chassis.o
    0x08005ce4   0x08005ce4   0x000000f4   Code   RO         5847    i._ZN14Swerve_Chassis20Chassis_Safety_CheckEf  swerve_chassis.o
    0x08005dd8   0x08005dd8   0x00000058   Code   RO         5848    i._ZN14Swerve_Chassis20X_Velocity_CalculateE13Robot_Twist_tP8Swerve_t  swerve_chassis.o
    0x08005e30   0x08005e30   0x00000058   Code   RO         5849    i._ZN14Swerve_Chassis20Y_Velocity_CalculateE13Robot_Twist_tP8Swerve_t  swerve_chassis.o
    0x08005e88   0x08005e88   0x00000314   Code   RO         5850    i._ZN14Swerve_Chassis5ResetEv  swerve_chassis.o
    0x0800619c   0x0800619c   0x000003b8   Code   RO         5851    i._ZN14Swerve_Chassis7ControlE13Robot_Twist_t  swerve_chassis.o
    0x08006554   0x08006554   0x00000120   Code   RO         6924    i._ZN14Swerve_ChassisC1Efffi  service_config.o
    0x08006674   0x08006674   0x00000028   Code   RO         6936    i._ZN14Swerve_ChassisD1Ev  service_config.o
    0x0800669c   0x0800669c   0x0000000e   Code   RO         6006    i._ZN3PID13PID_Mode_InitEffbb  swerve_chassis.o
    0x080066aa   0x080066aa   0x00000018   Code   RO         7393    i._ZN3PID14PID_Param_InitEffffff  pid.o
    0x080066c2   0x080066c2   0x00000002   PAD
    0x080066c4   0x080066c4   0x00000298   Code   RO         7394    i._ZN3PID6AdjustEv  pid.o
    0x0800695c   0x0800695c   0x000000dc   Code   RO         6930    i._ZN3PIDC1Ev       service_config.o
    0x08006a38   0x08006a38   0x00000014   Code   RO         6945    i._ZN3PIDD1Ev       service_config.o
    0x08006a4c   0x08006a4c   0x00000134   Code   RO         5492    i._ZN3ROS16Recieve_From_ROSEPh  ros.o
    0x08006b80   0x08006b80   0x00000014   Code   RO         5493    i._ZN3ROS19getMicroTick_registEPFjvE  ros.o
    0x08006b94   0x08006b94   0x0000002c   Code   RO         6840    i._ZN4VESC11update_vescEP13CAN_RxMessage  service_communication.o
    0x08006bc0   0x08006bc0   0x00000024   Code   RO         6181    i._ZN4VESC12update_angleEPh  swerve_chassis.o
    0x08006be4   0x08006be4   0x00000088   Code   RO         6175    i._ZN4VESC12update_speedEPh  swerve_chassis.o
    0x08006c6c   0x08006c6c   0x00000030   Code   RO         6168    i._ZN4VESC6updateEPh  swerve_chassis.o
    0x08006c9c   0x08006c9c   0x00000084   Code   RO         6018    i._ZN4VESCC1ERKS_   swerve_chassis.o
    0x08006d20   0x08006d20   0x00000034   Code   RO         6000    i._ZN4VESCC1Eh      swerve_chassis.o
    0x08006d54   0x08006d54   0x00000010   Code   RO         6012    i._ZN4VESCD1Ev      swerve_chassis.o
    0x08006d64   0x08006d64   0x0000001c   Code   RO         5982    i._ZN5Tools22_tool_buffer_get_int16EPKhPi  swerve_chassis.o
    0x08006d80   0x08006d80   0x0000002e   Code   RO         5962    i._ZN5Tools25_tool_buffer_append_int32EPhiPi  swerve_chassis.o
    0x08006dae   0x08006dae   0x00000002   PAD
    0x08006db0   0x08006db0   0x000000b0   Code   RO         5685    i._ZN6AirJoy11data_updateEtt  air_joy.o
    0x08006e60   0x08006e60   0x00000014   Code   RO         5686    i._ZN6AirJoy19getMicroTick_registEPFjvE  air_joy.o
    0x08006e74   0x08006e74   0x0000007c   Code   RO         7395    i._ZN8PidTimer16update_timeStampEv  pid.o
    0x08006ef0   0x08006ef0   0x00000014   Code   RO         7396    i._ZN8PidTimer19getMicroTick_registEPFjvE  pid.o
    0x08006f04   0x08006f04   0x0000000a   Code   RO         6608    i._ZN9Broadcast16Checksum_AnaliseEhh  broadcast.o
    0x08006f0e   0x08006f0e   0x0000003a   Code   RO         6609    i._ZN9Broadcast17Send_To_BroadcastE14Robot_Status_t  broadcast.o
    0x08006f48   0x08006f48   0x00000014   Code   RO         6610    i._ZN9Broadcast19getMicroTick_registEPFjvE  broadcast.o
    0x08006f5c   0x08006f5c   0x000000f4   Code   RO         6611    i._ZN9Broadcast4playE8PLAYLIST  broadcast.o
    0x08007050   0x08007050   0x0000000c   Code   RO         6110    i._ZNK10Motor_Base19ENCODER_ANGLE_RATIOEv  swerve_chassis.o
    0x0800705c   0x0800705c   0x00000008   Code   RO         6021    i._ZNK11Motor_Speed9get_speedEv  swerve_chassis.o
    0x08007064   0x08007064   0x0000000c   Code   RO         6152    i._ZNK12Motor_GM602011MAX_CURRENTEv  swerve_chassis.o
    0x08007070   0x08007070   0x00000008   Code   RO         6140    i._ZNK12Motor_GM602011send_id_lowEv  swerve_chassis.o
    0x08007078   0x08007078   0x00000008   Code   RO         6146    i._ZNK12Motor_GM602012send_id_highEv  swerve_chassis.o
    0x08007080   0x08007080   0x00000008   Code   RO         6033    i._ZNK4VESC9get_speedEv  swerve_chassis.o
    0x08007088   0x08007088   0x00000030   Code   RO         8128    i.__ARM_fpclassify  m_wm.l(fpclassify.o)
    0x080070b8   0x080070b8   0x00000026   Code   RO         7989    i.__ARM_fpclassifyf  m_wm.l(fpclassifyf.o)
    0x080070de   0x080070de   0x00000002   PAD
    0x080070e0   0x080070e0   0x00000010   Code   RO         1882    i.__NVIC_GetPriorityGrouping  stm32f4xx_hal_cortex.o
    0x080070f0   0x080070f0   0x00000028   Code   RO         1883    i.__NVIC_SetPriority  stm32f4xx_hal_cortex.o
    0x08007118   0x08007118   0x00000024   Code   RO         7747    i.__aeabi_vec_ctor_nocookie_nodtor  cpprt_w.l(aeabi_vec_ctor_nocookie_nodtor.o)
    0x0800713c   0x0800713c   0x00000010   Code   RO         7635    i.__cxa_guard_acquire  cpprt_w.l(cxa_guard_acquire.o)
    0x0800714c   0x0800714c   0x00000006   Code   RO         4824    i.__get_IPSR        cmsis_os2.o
    0x08007152   0x08007152   0x00000002   PAD
    0x08007154   0x08007154   0x00000250   Code   RO         7769    i.__hardfp_atan2f   m_wm.l(atan2f.o)
    0x080073a4   0x080073a4   0x00000004   PAD
    0x080073a8   0x080073a8   0x000000c8   Code   RO         7781    i.__hardfp_cos      m_wm.l(cos.o)
    0x08007470   0x08007470   0x000000c8   Code   RO         7793    i.__hardfp_sin      m_wm.l(sin.o)
    0x08007538   0x08007538   0x0000003a   Code   RO         7805    i.__hardfp_sqrtf    m_wm.l(sqrtf.o)
    0x08007572   0x08007572   0x00000006   PAD
    0x08007578   0x08007578   0x00000438   Code   RO         8005    i.__ieee754_rem_pio2  m_wm.l(rred.o)
    0x080079b0   0x080079b0   0x00000170   Code   RO         7972    i.__kernel_cos      m_wm.l(cos_i.o)
    0x08007b20   0x08007b20   0x000000f8   Code   RO         8130    i.__kernel_poly     m_wm.l(poly.o)
    0x08007c18   0x08007c18   0x00000130   Code   RO         8010    i.__kernel_sin      m_wm.l(sin_i.o)
    0x08007d48   0x08007d48   0x00000014   Code   RO         7976    i.__mathlib_dbl_infnan  m_wm.l(dunder.o)
    0x08007d5c   0x08007d5c   0x00000004   PAD
    0x08007d60   0x08007d60   0x00000020   Code   RO         7978    i.__mathlib_dbl_invalid  m_wm.l(dunder.o)
    0x08007d80   0x08007d80   0x00000020   Code   RO         7981    i.__mathlib_dbl_underflow  m_wm.l(dunder.o)
    0x08007da0   0x08007da0   0x00000006   Code   RO         7993    i.__mathlib_flt_infnan2  m_wm.l(funder.o)
    0x08007da6   0x08007da6   0x00000002   PAD
    0x08007da8   0x08007da8   0x00000010   Code   RO         7997    i.__mathlib_flt_underflow  m_wm.l(funder.o)
    0x08007db8   0x08007db8   0x00000038   Code   RO         5687    i.__sti___11_air_joy_cpp_air_joy  air_joy.o
    0x08007df0   0x08007df0   0x00000078   Code   RO         5852    i.__sti___18_Swerve_Chassis_cpp_5dcff6ed  swerve_chassis.o
    0x08007e68   0x08007e68   0x0000003c   Code   RO         6892    i.__sti___18_service_config_cpp_chassis  service_config.o
    0x08007ea4   0x08007ea4   0x0000003c   Code   RO         7154    i.comm_can_transmit_extid  drive_can.o
    0x08007ee0   0x08007ee0   0x0000003a   Code   RO         7155    i.comm_can_transmit_stdid  drive_can.o
    0x08007f1a   0x08007f1a   0x00000018   Code   RO         8124    i.fabs              m_wm.l(fabs.o)
    0x08007f32   0x08007f32   0x00000044   Code   RO           16    i.main              main.o
    0x08007f76   0x08007f76   0x0000001e   Code   RO         4825    i.osDelay           cmsis_os2.o
    0x08007f94   0x08007f94   0x0000002c   Code   RO         4839    i.osKernelInitialize  cmsis_os2.o
    0x08007fc0   0x08007fc0   0x00000060   Code   RO         4842    i.osKernelStart     cmsis_os2.o
    0x08008020   0x08008020   0x000000b8   Code   RO         4884    i.osThreadNew       cmsis_os2.o
    0x080080d8   0x080080d8   0x0000007c   Code   RO         4259    i.prvAddCurrentTaskToDelayedList  tasks.o
    0x08008154   0x08008154   0x000000b8   Code   RO         4260    i.prvAddNewTaskToReadyList  tasks.o
    0x0800820c   0x0800820c   0x00000074   Code   RO         4635    i.prvCheckForValidListAndQueue  timers.o
    0x08008280   0x08008280   0x00000048   Code   RO         4261    i.prvCheckTasksWaitingTermination  tasks.o
    0x080082c8   0x080082c8   0x0000002a   Code   RO         3846    i.prvCopyDataFromQueue  queue.o
    0x080082f2   0x080082f2   0x0000007e   Code   RO         3847    i.prvCopyDataToQueue  queue.o
    0x08008370   0x08008370   0x00000050   Code   RO         4262    i.prvDeleteTCB      tasks.o
    0x080083c0   0x080083c0   0x00000028   Code   RO         4636    i.prvGetNextExpireTime  timers.o
    0x080083e8   0x080083e8   0x0000007c   Code   RO         5356    i.prvHeapInit       heap_4.o
    0x08008464   0x08008464   0x00000028   Code   RO         4263    i.prvIdleTask       tasks.o
    0x0800848c   0x0800848c   0x0000002a   Code   RO         3850    i.prvInitialiseNewQueue  queue.o
    0x080084b6   0x080084b6   0x000000be   Code   RO         4264    i.prvInitialiseNewTask  tasks.o
    0x08008574   0x08008574   0x00000068   Code   RO         4265    i.prvInitialiseTaskLists  tasks.o
    0x080085dc   0x080085dc   0x00000068   Code   RO         5357    i.prvInsertBlockIntoFreeList  heap_4.o
    0x08008644   0x08008644   0x00000058   Code   RO         4638    i.prvInsertTimerInActiveList  timers.o
    0x0800869c   0x0800869c   0x0000001a   Code   RO         3851    i.prvIsQueueEmpty   queue.o
    0x080086b6   0x080086b6   0x0000001e   Code   RO         3852    i.prvIsQueueFull    queue.o
    0x080086d4   0x080086d4   0x00000074   Code   RO         4639    i.prvProcessExpiredTimer  timers.o
    0x08008748   0x08008748   0x00000164   Code   RO         4640    i.prvProcessReceivedCommands  timers.o
    0x080088ac   0x080088ac   0x00000074   Code   RO         4641    i.prvProcessTimerOrBlockTask  timers.o
    0x08008920   0x08008920   0x00000034   Code   RO         4267    i.prvResetNextTaskUnblockTime  tasks.o
    0x08008954   0x08008954   0x0000002c   Code   RO         4642    i.prvSampleTimeNow  timers.o
    0x08008980   0x08008980   0x000000a4   Code   RO         4643    i.prvSwitchTimerLists  timers.o
    0x08008a24   0x08008a24   0x00000040   Code   RO         5412    i.prvTaskExitError  port.o
    0x08008a64   0x08008a64   0x0000001a   Code   RO         4644    i.prvTimerTask      timers.o
    0x08008a7e   0x08008a7e   0x0000007e   Code   RO         3853    i.prvUnlockQueue    queue.o
    0x08008afc   0x08008afc   0x0000014c   Code   RO         5358    i.pvPortMalloc      heap_4.o
    0x08008c48   0x08008c48   0x0000002c   Code   RO         5413    i.pxPortInitialiseStack  port.o
    0x08008c74   0x08008c74   0x00000038   Code   RO         7299    i.serial_get_crc8_value  drive_uart.o
    0x08008cac   0x08008cac   0x00000028   Code   RO         3806    i.uxListRemove      list.o
    0x08008cd4   0x08008cd4   0x00000018   Code   RO         4896    i.vApplicationGetIdleTaskMemory  cmsis_os2.o
    0x08008cec   0x08008cec   0x00000018   Code   RO         4897    i.vApplicationGetTimerTaskMemory  cmsis_os2.o
    0x08008d04   0x08008d04   0x0000001a   Code   RO         3807    i.vListInitialise   list.o
    0x08008d1e   0x08008d1e   0x00000006   Code   RO         3808    i.vListInitialiseItem  list.o
    0x08008d24   0x08008d24   0x00000034   Code   RO         3809    i.vListInsert       list.o
    0x08008d58   0x08008d58   0x00000018   Code   RO         3810    i.vListInsertEnd    list.o
    0x08008d70   0x08008d70   0x00000054   Code   RO         5415    i.vPortEnterCritical  port.o
    0x08008dc4   0x08008dc4   0x0000003c   Code   RO         5416    i.vPortExitCritical  port.o
    0x08008e00   0x08008e00   0x000000a4   Code   RO         5359    i.vPortFree         heap_4.o
    0x08008ea4   0x08008ea4   0x00000028   Code   RO         5417    i.vPortSetupTimerInterrupt  port.o
    0x08008ecc   0x08008ecc   0x00000078   Code   RO         5418    i.vPortValidateInterruptPriority  port.o
    0x08008f44   0x08008f44   0x0000002c   Code   RO         3859    i.vQueueAddToRegistry  queue.o
    0x08008f70   0x08008f70   0x0000004a   Code   RO         3863    i.vQueueWaitForMessageRestricted  queue.o
    0x08008fba   0x08008fba   0x00000002   PAD
    0x08008fbc   0x08008fbc   0x0000005c   Code   RO         4280    i.vTaskDelay        tasks.o
    0x08009018   0x08009018   0x00000018   Code   RO         4285    i.vTaskInternalSetTimeOutState  tasks.o
    0x08009030   0x08009030   0x0000000c   Code   RO         4286    i.vTaskMissedYield  tasks.o
    0x0800903c   0x0800903c   0x00000038   Code   RO         4288    i.vTaskPlaceOnEventList  tasks.o
    0x08009074   0x08009074   0x00000040   Code   RO         4289    i.vTaskPlaceOnEventListRestricted  tasks.o
    0x080090b4   0x080090b4   0x000000b8   Code   RO         4297    i.vTaskStartScheduler  tasks.o
    0x0800916c   0x0800916c   0x00000010   Code   RO         4299    i.vTaskSuspendAll   tasks.o
    0x0800917c   0x0800917c   0x00000090   Code   RO         4300    i.vTaskSwitchContext  tasks.o
    0x0800920c   0x0800920c   0x00000168   Code   RO         5419    i.xPortStartScheduler  port.o
    0x08009374   0x08009374   0x00000034   Code   RO         5420    i.xPortSysTickHandler  port.o
    0x080093a8   0x080093a8   0x0000005a   Code   RO         3868    i.xQueueGenericCreate  queue.o
    0x08009402   0x08009402   0x000000e0   Code   RO         3869    i.xQueueGenericCreateStatic  queue.o
    0x080094e2   0x080094e2   0x00000002   PAD
    0x080094e4   0x080094e4   0x00000098   Code   RO         3870    i.xQueueGenericReset  queue.o
    0x0800957c   0x0800957c   0x000001a8   Code   RO         3871    i.xQueueGenericSend  queue.o
    0x08009724   0x08009724   0x000000fc   Code   RO         3872    i.xQueueGenericSendFromISR  queue.o
    0x08009820   0x08009820   0x00000168   Code   RO         3881    i.xQueueReceive     queue.o
    0x08009988   0x08009988   0x0000008c   Code   RO         4302    i.xTaskCheckForTimeOut  tasks.o
    0x08009a14   0x08009a14   0x00000064   Code   RO         4303    i.xTaskCreate       tasks.o
    0x08009a78   0x08009a78   0x000000ba   Code   RO         4304    i.xTaskCreateStatic  tasks.o
    0x08009b32   0x08009b32   0x00000002   PAD
    0x08009b34   0x08009b34   0x00000020   Code   RO         4308    i.xTaskGetSchedulerState  tasks.o
    0x08009b54   0x08009b54   0x0000000c   Code   RO         4309    i.xTaskGetTickCount  tasks.o
    0x08009b60   0x08009b60   0x00000144   Code   RO         4311    i.xTaskIncrementTick  tasks.o
    0x08009ca4   0x08009ca4   0x000000a4   Code   RO         4314    i.xTaskPriorityDisinherit  tasks.o
    0x08009d48   0x08009d48   0x00000098   Code   RO         4316    i.xTaskRemoveFromEventList  tasks.o
    0x08009de0   0x08009de0   0x00000104   Code   RO         4317    i.xTaskResumeAll    tasks.o
    0x08009ee4   0x08009ee4   0x00000078   Code   RO         4653    i.xTimerCreateTimerTask  timers.o
    0x08009f5c   0x08009f5c   0x00000084   Code   RO         4654    i.xTimerGenericCommand  timers.o
    0x08009fe0   0x08009fe0   0x0000002c   Code   RO         5975    t._Z13VESC_SendMsgsI4VESCEvP19__CAN_HandleTypeDefRT_  swerve_chassis.o
    0x0800a00c   0x0800a00c   0x000001d8   Code   RO         5968    t._Z13VESC_SendMsgsI4VESCLi1EEvP19__CAN_HandleTypeDefRAT0__T_  swerve_chassis.o
    0x0800a1e4   0x0800a1e4   0x00000028   Code   RO         5947    t._Z16motor_constraintIfEvPT_S0_S0_  swerve_chassis.o
    0x0800a20c   0x0800a20c   0x000001b8   Code   RO         5954    t._Z17RM_Motor_SendMsgsI12Motor_GM6020Li4EEvP19__CAN_HandleTypeDefRAT0__T_  swerve_chassis.o
    0x0800a3c4   0x0800a3c4   0x00000028   Code   RO         7422    t._ZN5Tools15_tool_ConstrainIfEEvPT_S1_S1_  pid.o
    0x0800a3ec   0x0800a3ec   0x0000001a   Code   RO         7428    t._ZN5Tools9_tool_AbsIfEET_S1_  pid.o
    0x0800a406   0x0800a406   0x00000018   Code   RO         7961    x$fpl$basic         fz_wm.l(basic.o)
    0x0800a41e   0x0800a41e   0x00000002   PAD
    0x0800a420   0x0800a420   0x00000062   Code   RO         7753    x$fpl$d2f           fz_wm.l(d2f.o)
    0x0800a482   0x0800a482   0x00000002   PAD
    0x0800a484   0x0800a484   0x00000150   Code   RO         7755    x$fpl$dadd          fz_wm.l(daddsub_clz.o)
    0x0800a5d4   0x0800a5d4   0x00000018   Code   RO         7963    x$fpl$dcmpinf       fz_wm.l(dcmpi.o)
    0x0800a5ec   0x0800a5ec   0x000002b0   Code   RO         8111    x$fpl$ddiv          fz_wm.l(ddiv.o)
    0x0800a89c   0x0800a89c   0x0000005e   Code   RO         8114    x$fpl$dfix          fz_wm.l(dfix.o)
    0x0800a8fa   0x0800a8fa   0x0000002e   Code   RO         7762    x$fpl$dflt          fz_wm.l(dflt_clz.o)
    0x0800a928   0x0800a928   0x00000026   Code   RO         7761    x$fpl$dfltu         fz_wm.l(dflt_clz.o)
    0x0800a94e   0x0800a94e   0x00000002   PAD
    0x0800a950   0x0800a950   0x00000078   Code   RO         7767    x$fpl$dleqf         fz_wm.l(dleqf.o)
    0x0800a9c8   0x0800a9c8   0x00000154   Code   RO         8118    x$fpl$dmul          fz_wm.l(dmul.o)
    0x0800ab1c   0x0800ab1c   0x0000009c   Code   RO         7965    x$fpl$dnaninf       fz_wm.l(dnaninf.o)
    0x0800abb8   0x0800abb8   0x0000000c   Code   RO         7967    x$fpl$dretinf       fz_wm.l(dretinf.o)
    0x0800abc4   0x0800abc4   0x00000016   Code   RO         7756    x$fpl$drsb          fz_wm.l(daddsub_clz.o)
    0x0800abda   0x0800abda   0x00000002   PAD
    0x0800abdc   0x0800abdc   0x000001d4   Code   RO         7757    x$fpl$dsub          fz_wm.l(daddsub_clz.o)
    0x0800adb0   0x0800adb0   0x0000000a   Code   RO         8120    x$fpl$fpinit        fz_wm.l(fpinit.o)
    0x0800adba   0x0800adba   0x0000000a   Code   RO         7969    x$fpl$fretinf       fz_wm.l(fretinf.o)
    0x0800adc4   0x0800adc4   0x00000000   Code   RO         7971    x$fpl$usenofp       fz_wm.l(usenofp.o)
    0x0800adc4   0x0800adc4   0x000000fc   Data   RO          372    .constdata          freertos.o
    0x0800aec0   0x0800aec0   0x00000008   Data   RO         1599    .constdata          stm32f4xx_hal_dma.o
    0x0800aec8   0x0800aec8   0x00000018   Data   RO         3615    .constdata          system_stm32f4xx.o
    0x0800aee0   0x0800aee0   0x00000014   Data   RO         5693    .constdata          air_joy.o
    0x0800aef4   0x0800aef4   0x00000038   Data   RO         6897    .constdata          service_config.o
    0x0800af2c   0x0800af2c   0x0000001c   Data   RO         7512    .constdata          fsm_joy.o
    0x0800af48   0x0800af48   0x00000030   Data   RO         7973    .constdata          m_wm.l(cos_i.o)
    0x0800af78   0x0800af78   0x000000c8   Data   RO         8007    .constdata          m_wm.l(rred.o)
    0x0800b040   0x0800b040   0x00000028   Data   RO         8011    .constdata          m_wm.l(sin_i.o)
    0x0800b068   0x0800b068   0x00000030   Data   RO         6052    .constdata__ZTV10Motor_Base  swerve_chassis.o
    0x0800b098   0x0800b098   0x00000038   Data   RO         6054    .constdata__ZTV11Motor_Speed  swerve_chassis.o
    0x0800b0d0   0x0800b0d0   0x00000044   Data   RO         6056    .constdata__ZTV12Motor_GM6020  swerve_chassis.o
    0x0800b114   0x0800b114   0x00000038   Data   RO         6058    .constdata__ZTV4VESC  swerve_chassis.o
    0x0800b14c   0x0800b14c   0x0000004c   Data   RO          373    .conststring        freertos.o
    0x0800b198   0x0800b198   0x00000020   Data   RO         8237    Region$$Table       anon$$obj.o
    0x0800b1b8   0x0800b1b8   0x00000004   Data   RO         5695    .init_array         air_joy.o
    0x0800b1bc   0x0800b1b8   0x00000004   Data   RO         5872    .init_array         swerve_chassis.o
    0x0800b1c0   0x0800b1b8   0x00000004   Data   RO         6898    .init_array         service_config.o
    0x0800b1c4   0x0800b1b8   0x00000000   Data   RO         7624    .init_array         c_w.l(init_aeabi.o)


    Execution Region RW_IRAM2 (Exec base: 0x10000000, Load base: 0x0800b1d4, Size: 0x00000000, Max: 0x00010000, ABSOLUTE)

    **** No section assigned to this execution region ****


    Execution Region RW_IRAM1 (Exec base: 0x20000000, Load base: 0x0800b1c4, Size: 0x00005d70, Max: 0x00020000, ABSOLUTE, COMPRESSED[0x00000010])

    Exec Addr    Load Addr    Size         Type   Attr      Idx    E Section Name        Object

    0x20000000   COMPRESSED   0x0000001c   Data   RW          374    .data               freertos.o
    0x2000001c   COMPRESSED   0x00000004   Data   RW          418    .data               can.o
    0x20000020   COMPRESSED   0x00000009   Data   RW         2031    .data               stm32f4xx_hal.o
    0x20000029   COMPRESSED   0x00000003   PAD
    0x2000002c   COMPRESSED   0x00000004   Data   RW         3616    .data               system_stm32f4xx.o
    0x20000030   COMPRESSED   0x0000003c   Data   RW         4320    .data               tasks.o
    0x2000006c   COMPRESSED   0x00000014   Data   RW         4662    .data               timers.o
    0x20000080   COMPRESSED   0x00000004   Data   RW         4899    .data               cmsis_os2.o
    0x20000084   COMPRESSED   0x00000020   Data   RW         5365    .data               heap_4.o
    0x200000a4   COMPRESSED   0x0000000c   Data   RW         5421    .data               port.o
    0x200000b0   COMPRESSED   0x00000010   Data   RW         5497    .data               ros.o
    0x200000c0   COMPRESSED   0x00000004   Data   RW         5694    .data               air_joy.o
    0x200000c4   COMPRESSED   0x00000024   Data   RW         5871    .data               swerve_chassis.o
    0x200000e8   COMPRESSED   0x0000000d   Data   RW         6616    .data               broadcast.o
    0x200000f5   COMPRESSED   0x00000003   PAD
    0x200000f8   COMPRESSED   0x0000001c   Data   RW         6754    .data               data_pool.o
    0x20000114   COMPRESSED   0x00000004   Data   RW         6795    .data               service_communication.o
    0x20000118   COMPRESSED   0x00000008   Data   RW         7157    .data               drive_can.o
    0x20000120   COMPRESSED   0x0000000c   Data   RW         7223    .data               drive_tim.o
    0x2000012c   COMPRESSED   0x00000002   Data   RW         7301    .data               drive_uart.o
    0x2000012e   COMPRESSED   0x00000002   PAD
    0x20000130   COMPRESSED   0x00000004   Data   RW         7401    .data               pid.o
    0x20000134   COMPRESSED   0x00000019   Data   RW         7513    .data               fsm_joy.o
    0x2000014d   COMPRESSED   0x00000003   PAD
    0x20000150        -       0x00000050   Zero   RW          417    .bss                can.o
    0x200001a0        -       0x00000090   Zero   RW          494    .bss                tim.o
    0x20000230        -       0x00000410   Zero   RW          549    .bss                usart.o
    0x20000640        -       0x00000048   Zero   RW          810    .bss                stm32f4xx_hal_timebase_tim.o
    0x20000688        -       0x00000040   Zero   RW         3885    .bss                queue.o
    0x200006c8        -       0x000004c4   Zero   RW         4319    .bss                tasks.o
    0x20000b8c        -       0x00000118   Zero   RW         4661    .bss                timers.o
    0x20000ca4        -       0x000006b8   Zero   RW         4898    .bss                cmsis_os2.o
    0x2000135c        -       0x00003c00   Zero   RW         5364    .bss                heap_4.o
    0x20004f5c        -       0x00000034   Zero   RW         5692    .bss                air_joy.o
    0x20004f90        -       0x000001d0   Zero   RW         5870    .bss                swerve_chassis.o
    0x20005160        -       0x00000019   Zero   RW         6753    .bss                data_pool.o
    0x20005179   COMPRESSED   0x00000007   PAD
    0x20005180        -       0x00000480   Zero   RW         6896    .bss                service_config.o
    0x20005600        -       0x00000048   Zero   RW         7156    .bss                drive_can.o
    0x20005648        -       0x00000040   Zero   RW         7300    .bss                drive_uart.o
    0x20005688        -       0x0000001c   Zero   RW         7455    .bss                chassis_task.o
    0x200056a4        -       0x0000006c   Zero   RW         7511    .bss                fsm_joy.o
    0x20005710        -       0x00000060   Zero   RW         8017    .bss                c_w.l(libspace.o)
    0x20005770        -       0x00000200   Zero   RW            2    HEAP                startup_stm32f407xx.o
    0x20005970        -       0x00000400   Zero   RW            1    STACK               startup_stm32f407xx.o


==============================================================================

Image component sizes


      Code (inc. data)   RO Data    RW Data    ZI Data      Debug   Object Name

       272         22         24          4         52       4503   air_joy.o
       332         30          0         13          0     589630   broadcast.o
       524         44          0          4         80       2394   can.o
       724         70          0          0         28       6926   chassis_task.o
       430         38          0          4       1720      64715   cmsis_os2.o
         0          0          0          0          0       7012   croutine.o
       112         24          0         28         25       1374   data_pool.o
       200          6          0          0          0        834   dma.o
       522         60          0          8         72       6285   drive_can.o
       200         16          0         12          0       5135   drive_tim.o
       472         38          0          2         64       4029   drive_uart.o
         0          0          0          0          0      19388   event_groups.o
        74          0          0          0          0       2288   filter.o
       188         86        328         28          0       1830   freertos.o
       474         68         28         25        108       4334   fsm_joy.o
       216         10          0          0          0     696943   gpio.o
       724         74          0         32      15360       4791   heap_4.o
       148          0          0          0          0       3490   list.o
       294         20          0          0          0     692656   main.o
         0          0          0          0          0       1856   mecanum_chassis.o
       898         22          0          4          0       8756   pid.o
      1014         92          0         12          0      11545   port.o
      2012         20          0          0         64      18194   queue.o
       328         22          0         16          0     599290   ros.o
       432         48          0          4          0      16487   service_communication.o
       856        126         60          0       1152      14805   service_config.o
        64         26        392          0       1536        832   startup_stm32f407xx.o
        96         20          0          9          0       8006   stm32f4xx_hal.o
      2186          6          0          0          0      14177   stm32f4xx_hal_can.o
       252         22          0          0          0      33602   stm32f4xx_hal_cortex.o
      1436         16          8          0          0       6918   stm32f4xx_hal_dma.o
       528         50          0          0          0       2051   stm32f4xx_hal_gpio.o
        84          6          0          0          0        834   stm32f4xx_hal_msp.o
      1888         94          0          0          0       6173   stm32f4xx_hal_rcc.o
      2392        142          0          0          0      16120   stm32f4xx_hal_tim.o
       184         30          0          0          0       2445   stm32f4xx_hal_tim_ex.o
       180         20          0          0         72       1427   stm32f4xx_hal_timebase_tim.o
      2934         38          0          0          0      17951   stm32f4xx_hal_uart.o
       352        116          0          0          0      12028   stm32f4xx_it.o
         0          0          0          0          0        392   stream_buffer.o
      6552        394        232         36        464     648296   swerve_chassis.o
        20          6         24          4          0       1091   system_stm32f4xx.o
      2808        346          0         60       1220      27078   tasks.o
       432         40          0          0        144       2951   tim.o
      1318        124          0         20        280      32611   timers.o
      1300        112          0          0       1040       4377   usart.o
        10          0          0          0          0        510   user_debug.o

    ----------------------------------------------------------------------
     36514       2544       1128        336      23488    3629360   Object Totals
         0          0         32          0          0          0   (incl. Generated)
        52          0          0         11          7          0   (incl. Padding)

    ----------------------------------------------------------------------

      Code (inc. data)   RO Data    RW Data    ZI Data      Debug   Library Member Name

        58          0          0          0          0          0   __dczerorl.o
         8          0          0          0          0         68   __main.o
         0          0          0          0          0          0   __rtentry.o
        12          0          0          0          0          0   __rtentry2.o
         6          0          0          0          0          0   __rtentry4.o
        52          8          0          0          0          0   __scatter.o
        28          0          0          0          0          0   __scatter_zi.o
        22          0          0          0          0        100   _rserrno.o
        46          0          0          0          0         84   aeabi_atexit.o
        16          0          0          0          0         68   aeabi_memset.o
        66          0          0          0          0         84   cxa_finalize.o
        10          0          0          0          0         68   defsig_exit.o
        50          0          0          0          0         88   defsig_general.o
        80         58          0          0          0         76   defsig_rtmem_inner.o
        14          0          0          0          0         80   defsig_rtmem_outer.o
        18          0          0          0          0         80   exit.o
        94          0          0          0          0         80   h1_alloc.o
        52          0          0          0          0         68   h1_extend.o
        78          0          0          0          0         80   h1_free.o
        14          0          0          0          0         84   h1_init.o
         6          0          0          0          0        152   heapauxi.o
         4          0          0          0          0        136   hguard.o
         0          0          0          0          0          0   indicate_semi.o
        36         10          0          0          0         80   init_aeabi.o
       138          0          0          0          0        168   init_alloc.o
         2          0          0          0          0          0   libinit.o
        18          0          0          0          0          0   libinit2.o
         2          0          0          0          0          0   libshutdown.o
         8          0          0          0          0          0   libshutdown2.o
         8          4          0          0         96         68   libspace.o
       238          0          0          0          0        100   lludivv7m.o
         0          0          0          0          0          0   maybetermalloc1.o
         8          4          0          0          0         68   rt_ddtor_pointer_addr_intlibspace.o
         8          4          0          0          0         68   rt_errno_addr_intlibspace.o
         8          4          0          0          0         68   rt_heap_descriptor_intlibspace.o
        68          0          0          0          0         68   rt_memclr.o
        78          0          0          0          0         80   rt_memclr_w.o
       138          0          0          0          0         68   rt_memcpy_v6.o
       100          0          0          0          0         80   rt_memcpy_w.o
         2          0          0          0          0          0   rtexit.o
        10          0          0          0          0          0   rtexit2.o
        12          4          0          0          0         68   sys_exit.o
        74          0          0          0          0         80   sys_stackheap_outer.o
        14          0          0          0          0         76   sys_wrch.o
         2          0          0          0          0         68   use_no_semi.o
        36          0          0          0          0         84   aeabi_vec_ctor_nocookie_nodtor.o
        34          0          0          0          0         84   aeabi_vec_dtor_noexceptions.o
        16          0          0          0          0         68   cxa_guard_acquire.o
        24          0          0          0          0        164   basic.o
        98          4          0          0          0        140   d2f.o
       826         16          0          0          0        492   daddsub_clz.o
        24          0          0          0          0        116   dcmpi.o
       688        140          0          0          0        256   ddiv.o
        94          4          0          0          0        140   dfix.o
        84          0          0          0          0        232   dflt_clz.o
       120          4          0          0          0        140   dleqf.o
       340         12          0          0          0        152   dmul.o
       156          4          0          0          0        140   dnaninf.o
        12          0          0          0          0        116   dretinf.o
        10          0          0          0          0        116   fpinit.o
        10          0          0          0          0        116   fretinf.o
         0          0          0          0          0          0   usenofp.o
       592         90          0          0          0        184   atan2f.o
       200         20          0          0          0        164   cos.o
       368         46         48          0          0        200   cos_i.o
        84         16          0          0          0        372   dunder.o
        24          0          0          0          0        124   fabs.o
        48          0          0          0          0        124   fpclassify.o
        38          0          0          0          0        116   fpclassifyf.o
        22          6          0          0          0        232   funder.o
       248          0          0          0          0        152   poly.o
      1080        142        200          0          0        188   rred.o
       200         20          0          0          0        164   sin.o
       304         24         40          0          0        208   sin_i.o
        58          0          0          0          0        136   sqrtf.o

    ----------------------------------------------------------------------
      7578        648        288          0         96       7524   Library Totals
        34          4          0          0          0          0   (incl. Padding)

    ----------------------------------------------------------------------

      Code (inc. data)   RO Data    RW Data    ZI Data      Debug   Library Name

      1706         96          0          0         96       2604   c_w.l
        86          0          0          0          0        236   cpprt_w.l
      2486        184          0          0          0       2320   fz_wm.l
      3266        364        288          0          0       2364   m_wm.l

    ----------------------------------------------------------------------
      7578        648        288          0         96       7524   Library Totals

    ----------------------------------------------------------------------

==============================================================================


      Code (inc. data)   RO Data    RW Data    ZI Data      Debug   

     44092       3192       1416        336      23584    3601372   Grand Totals
     44092       3192       1416         16      23584    3601372   ELF Image Totals (compressed)
     44092       3192       1416         16          0          0   ROM Totals

==============================================================================

    Total RO  Size (Code + RO Data)                45508 (  44.44kB)
    Total RW  Size (RW Data + ZI Data)             23920 (  23.36kB)
    Total ROM Size (Code + RO Data + RW Data)      45524 (  44.46kB)

==============================================================================

